Microchip MPLAB XC8 Compiler V2.00 ()

Linker command line:

-W-3 --edf=F:\Microchip\XC8\pic\dat\en_msgs.txt -cs \
  -h+dist/default/production\R19_Dashboard.X.production.sym \
  --cmf=dist/default/production\R19_Dashboard.X.production.cmf -z \
  -Q18F46K80 -oC:\Users\haoye\AppData\Local\Temp\stc0.2 \
  --defsym=__MPLAB_BUILD=1 \
  -Mdist/default/production/R19_Dashboard.X.production.map -E1 -ver=XC8 \
  --acfsm=1493 -ASTACK=0E7h-0e40h -pstack=STACK -ACODE=00h-0FFFFh \
  -ACONST=00h-0FFFFh -ASMALLCONST=0F00h-0FFFhx241 \
  -AMEDIUMCONST=0F00h-0FFFFh -ACOMRAM=01h-05Fh -AABS1=00h-0E40h \
  -ABIGRAM=01h-0E40h -ARAM=060h-0FFh,0100h-01FFhx13,0E00h-0E40h \
  -ABANK0=060h-0FFh -ABANK1=0100h-01FFh -ABANK2=0200h-02FFh \
  -ABANK3=0300h-03FFh -ABANK4=0400h-04FFh -ABANK5=0500h-05FFh \
  -ABANK6=0600h-06FFh -ABANK7=0700h-07FFh -ABANK8=0800h-08FFh \
  -ABANK9=0900h-09FFh -ABANK10=0A00h-0AFFh -ABANK11=0B00h-0BFFh \
  -ABANK12=0C00h-0CFFh -ABANK13=0D00h-0DFFh -ABANK14=0E00h-0E40h \
  -ASFR=0E41h-0EFFh,0F00h-0F5Fh,0F60h-0FFFh \
  -preset_vec=00h,intcode=08h,intcodelo,powerup,init -pramtop=0F00h \
  -psmallconst=SMALLCONST -pmediumconst=MEDIUMCONST -pconst=CONST \
  -AFARRAM=00h-00h -ACONFIG=0300000h-030000Dh -pconfig=CONFIG \
  -AIDLOC=0200000h-0200007h -pidloc=IDLOC -AEEDATA=0F00000h-0F003FFh \
  -peeprom_data=EEDATA \
  -prdata=COMRAM,nvrram=COMRAM,nvbit=COMRAM,rbss=COMRAM,rbit=COMRAM \
  -pfarbss=FARRAM,fardata=FARRAM,nvFARRAM=FARRAM \
  -pintsave_regs=BIGRAM,bigbss=BIGRAM,bigdata=BIGRAM -pbss=RAM \
  -pidata=CODE,irdata=CODE,ibigdata=CODE,ifardata=CODE -prparam=COMRAM \
  C:\Users\haoye\AppData\Local\Temp\stc0.o \
  dist/default/production\R19_Dashboard.X.production.o 

Object code version is 3.11

Machine type is 18F46K80

Call graph: (short form)




                Name                               Link     Load   Length Selector   Space Scale
C:\Users\haoye\AppData\Local\Temp\stc0.o
                init                                 38       38        4        4       0
                reset_vec                             0        0        4        0       0
                idloc                            200000   200000        8   200000       0
                config                           300000   300000        E   300000       0
dist/default/production\R19_Dashboard.X.production.o
                intcode                               8        8       30        4       0
                temp                                 54       54        1        1       1
                smallconst                          F00      F00       9E      780       0
                text61                             6BF0     6BF0        2      7CF       0
                text60                             6A42     6A42       28      7CF       0
                text59                             6BD6     6BD6        8      7CF       0
                text58                             6BEE     6BEE        2      7CF       0
                text57                             6AF4     6AF4       1E      7CF       0
                text56                             6B9A     6B9A       10      7CF       0
                text54                             5B12     5B12      148      7CF       0
                text53                             65C4     65C4       86      7CF       0
                text52                             58EC     58EC      226      7CF       0
                text51                             6B8A     6B8A       10      7CF       0
                text50                             6B48     6B48       1A      7CF       0
                text49                             699A     699A       3A      7CF       0
                text48                             6A90     6A90       26      7CF       0
                text47                             67B6     67B6       62      7CF       0
                text46                             6AB6     6AB6       20      7CF       0
                text45                             537A     537A      2FE      7CF       0
                text44                             640A     640A       A2      7CF       0
                text43                             6BEA     6BEA        4      7CF       0
                text42                             6B78     6B78       12      7CF       0
                text41                             6A0C     6A0C       36      7CF       0
                text40                             6BAA     6BAA        E      7CF       0
                text39                             6BCC     6BCC        A      7CF       0
                text38                             6BE6     6BE6        4      7CF       0
                text37                             69D4     69D4       38      7CF       0
                text36                             6BC2     6BC2        A      7CF       0
                text35                             6BE2     6BE2        4      7CF       0
                text34                             695E     695E       3C      7CF       0
                text33                             6AD6     6AD6       1E      7CF       0
                text32                             6BDE     6BDE        4      7CF       0
                text31                             6BB8     6BB8        A      7CF       0
                text30                             5D9A     5D9A      120      7CF       0
                text29                             5C5A     5C5A      140      7CF       0
                text28                             664A     664A       84      7CF       0
                text27                             6746     6746       70      7CF       0
                text26                             6B12     6B12       1C      7CF       0
                text25                             68E0     68E0       40      7CF       0
                text24                             68A0     68A0       40      7CF       0
                text23                             66CE     66CE       78      7CF       0
                text22                             4CCA     4CCA      362      7CF       0
                text21                             6306     6306      104      7CF       0
                text20                             64AC     64AC       92      7CF       0
                text19                             4900     4900      3CA      7CF       0
                text18                             6818     6818       46      7CF       0
                text17                             1F74     1F74      700      7CF       0
                text16                             5678     5678      274      7CF       0
                text15                             4416     4416      4EA      7CF       0
                text14                             3E88     3E88      58E      7CF       0
                text13                              F9E      F9E      FD6      7CF       0
                text12                             6202     6202      104      7CF       0
                text11                             6A6A     6A6A       26      7CF       0
                text10                             3302     3302      5CA      7CF       0
                text9                              60EA     60EA      118      7CF       0
                text8                              6920     6920       3E      7CF       0
                text7                              5FD2     5FD2      118      7CF       0
                text6                              653E     653E       86      7CF       0
                text5                              5EBA     5EBA      118      7CF       0
                text4                              502C     502C      34E      7CF       0
                text3                              2D2C     2D2C      5D6      7CF       0
                text2                              2674     2674      6B8      7CF       0
                text1                              6B2E     6B2E       1A      7CF       0
                text0                              38CC     38CC      5BC      7CF       0
                cstackCOMRAM                          1        1       46        1       1
                cstackBANK0                          60       60       4E       60       1
                dataBANK0                            D1       D1       16       60       1
                bssBANK0                             AE       AE       23       60       1
                bssCOMRAM                            47       47        D        1       1
                cinit                              685E     685E       42      7CF       0
                idataBANK0                         6B62     6B62       16      7CF       0

TOTAL           Name                               Link     Load   Length     Space
        CLASS   STACK          

        CLASS   CODE           
                intcode                               8        8       30         0
                init                                 38       38        4         0
                reset_vec                             0        0        4         0
                text61                             6BF0     6BF0        2         0
                text60                             6A42     6A42       28         0
                text59                             6BD6     6BD6        8         0
                text58                             6BEE     6BEE        2         0
                text57                             6AF4     6AF4       1E         0
                text56                             6B9A     6B9A       10         0
                text54                             5B12     5B12      148         0
                text53                             65C4     65C4       86         0
                text52                             58EC     58EC      226         0
                text51                             6B8A     6B8A       10         0
                text50                             6B48     6B48       1A         0
                text49                             699A     699A       3A         0
                text48                             6A90     6A90       26         0
                text47                             67B6     67B6       62         0
                text46                             6AB6     6AB6       20         0
                text45                             537A     537A      2FE         0
                text44                             640A     640A       A2         0
                text43                             6BEA     6BEA        4         0
                text42                             6B78     6B78       12         0
                text41                             6A0C     6A0C       36         0
                text40                             6BAA     6BAA        E         0
                text39                             6BCC     6BCC        A         0
                text38                             6BE6     6BE6        4         0
                text37                             69D4     69D4       38         0
                text36                             6BC2     6BC2        A         0
                text35                             6BE2     6BE2        4         0
                text34                             695E     695E       3C         0
                text33                             6AD6     6AD6       1E         0
                text32                             6BDE     6BDE        4         0
                text31                             6BB8     6BB8        A         0
                text30                             5D9A     5D9A      120         0
                text29                             5C5A     5C5A      140         0
                text28                             664A     664A       84         0
                text27                             6746     6746       70         0
                text26                             6B12     6B12       1C         0
                text25                             68E0     68E0       40         0
                text24                             68A0     68A0       40         0
                text23                             66CE     66CE       78         0
                text22                             4CCA     4CCA      362         0
                text21                             6306     6306      104         0
                text20                             64AC     64AC       92         0
                text19                             4900     4900      3CA         0
                text18                             6818     6818       46         0
                text17                             1F74     1F74      700         0
                text16                             5678     5678      274         0
                text15                             4416     4416      4EA         0
                text14                             3E88     3E88      58E         0
                text13                              F9E      F9E      FD6         0
                text12                             6202     6202      104         0
                text11                             6A6A     6A6A       26         0
                text10                             3302     3302      5CA         0
                text9                              60EA     60EA      118         0
                text8                              6920     6920       3E         0
                text7                              5FD2     5FD2      118         0
                text6                              653E     653E       86         0
                text5                              5EBA     5EBA      118         0
                text4                              502C     502C      34E         0
                text3                              2D2C     2D2C      5D6         0
                text2                              2674     2674      6B8         0
                text1                              6B2E     6B2E       1A         0
                text0                              38CC     38CC      5BC         0
                cinit                              685E     685E       42         0
                idataBANK0                         6B62     6B62       16         0

        CLASS   CONST          

        CLASS   SMALLCONST     
                smallconst                          F00      F00       9E         0

        CLASS   MEDIUMCONST    

        CLASS   COMRAM         
                temp                                 54       54        1         1
                cstackCOMRAM                          1        1       46         1
                bssCOMRAM                            47       47        D         1

        CLASS   ABS1           

        CLASS   BIGRAM         

        CLASS   RAM            

        CLASS   BANK0          
                cstackBANK0                          60       60       4E         1
                dataBANK0                            D1       D1       16         1
                bssBANK0                             AE       AE       23         1

        CLASS   BANK1          

        CLASS   BANK2          

        CLASS   BANK3          

        CLASS   BANK4          

        CLASS   BANK5          

        CLASS   BANK6          

        CLASS   BANK7          

        CLASS   BANK8          

        CLASS   BANK9          

        CLASS   BANK10         

        CLASS   BANK11         

        CLASS   BANK12         

        CLASS   BANK13         

        CLASS   BANK14         

        CLASS   SFR            

        CLASS   FARRAM         

        CLASS   CONFIG         
                config                           300000   300000        E         0

        CLASS   IDLOC          
                idloc                            200000   200000        8         0

        CLASS   EEDATA         



SEGMENTS        Name                           Load    Length   Top    Selector   Space  Class

                reset_vec                      000000  000004  000004         0       0  CODE    
                cstackCOMRAM                   000001  000054  000055         1       1  COMRAM  
                intcode                        000008  000034  00003C         4       0  CODE    
                cstackBANK0                    000060  000087  0000E7        60       1  BANK0   
                smallconst                     000F00  00009E  000F9E       780       0  SMALLCON
                text13                         000F9E  005C54  006BF2       7CF       0  CODE    
                idloc                          200000  000008  200008    200000       0  IDLOC   
                config                         300000  00000E  30000E    300000       0  CONFIG  


UNUSED ADDRESS RANGES

        Name                Unused          Largest block    Delta
        BANK0            0000E7-0000FF               19
        BANK1            000100-0001FF              100
        BANK10           000A00-000AFF              100
        BANK11           000B00-000BFF              100
        BANK12           000C00-000CFF              100
        BANK13           000D00-000DFF              100
        BANK14           000E00-000E40               41
        BANK2            000200-0002FF              100
        BANK3            000300-0003FF              100
        BANK4            000400-0004FF              100
        BANK5            000500-0005FF              100
        BANK6            000600-0006FF              100
        BANK7            000700-0007FF              100
        BANK8            000800-0008FF              100
        BANK9            000900-0009FF              100
        BIGRAM           000055-00005F                B
                         0000E7-000E40              D5A
        CODE             000004-000007                4
                         00003C-000EFF              EC4
                         006BF2-00FFFF             940E
        COMRAM           000055-00005F                B
        CONST            000004-000007                4
                         00003C-000EFF              EC4
                         006BF2-00FFFF             940E
        EEDATA           F00000-F003FF              400
        MEDIUMCONST      006BF2-00FFFF             940E
        RAM              0000E7-000E40              100
        SFR              000E41-000FFF               BF
        SMALLCONST       006BF2-00FFFF              100
        STACK            0000E7-000E40              D5A

                                  Symbol Table

?___awdiv                                          cstackCOMRAM 000003
?___awmod                                          cstackCOMRAM 00000B
?___wmul                                           cstackCOMRAM 000003
?___xxtofl                                         cstackCOMRAM 000003
?_convertReg2ExtendedCANid                         cstackCOMRAM 000003
?_convertReg2StandardCANid                         cstackCOMRAM 000003
?_rd16                                             cstackCOMRAM 000004
?_strlen                                           cstackCOMRAM 000003
CAN_receive@returnValue                            cstackCOMRAM 000018
CAN_receive@tempCanMsg                             cstackCOMRAM 000016
SPI_Exchange8bit@data                              cstackCOMRAM 000003
TMR0_SetInterruptHandler@InterruptHandler          cstackCOMRAM 000003
TMR1_SetInterruptHandler@InterruptHandler          cstackCOMRAM 000003
_ANCON0                                            (abs)        000F5D
_ANCON1                                            (abs)        000F5C
_BRGCON1                                           (abs)        000E43
_BRGCON2                                           (abs)        000E44
_BRGCON3                                           (abs)        000E45
_CANCON                                            (abs)        000F6F
_CANSTAT                                           (abs)        000F6E
_CAN_receive                                       text52       0058EC
_CIOCONbits                                        (abs)        000F70
_COMSTATbits                                       (abs)        000F71
_ECANCON                                           (abs)        000F72
_ECAN_Initialize                                   text44       00640A
_FT800_Init                                        text45       00537A
_INTCONbits                                        (abs)        000FF2
_INTERRUPT_Initialize                              text43       006BEA
_INTERRUPT_InterruptManager                        intcode      000008
_LATA                                              (abs)        000F89
_LATAbits                                          (abs)        000F89
_LATB                                              (abs)        000F8A
_LATC                                              (abs)        000F8B
_LATCbits                                          (abs)        000F8B
_LATD                                              (abs)        000F8C
_LATDbits                                          (abs)        000F8C
_LATE                                              (abs)        000F8D
_OSCCON                                            (abs)        000FD3
_OSCCON2                                           (abs)        000FD2
_OSCILLATOR_Initialize                             text42       006B78
_OSCTUNE                                           (abs)        000F9B
_PIE1bits                                          (abs)        000F9D
_PIE5bits                                          (abs)        000F76
_PIN_MANAGER_Initialize                            text41       006A0C
_PIR1bits                                          (abs)        000F9E
_PIR5bits                                          (abs)        000F77
_PORTAbits                                         (abs)        000F80
_PORTDbits                                         (abs)        000F83
_RCONbits                                          (abs)        000FD0
_REFOCON                                           (abs)        000F9A
_RXB0CONbits                                       (abs)        000F60
_RXB0D0                                            (abs)        000F66
_RXB0D1                                            (abs)        000F67
_RXB0D2                                            (abs)        000F68
_RXB0D3                                            (abs)        000F69
_RXB0D4                                            (abs)        000F6A
_RXB0D5                                            (abs)        000F6B
_RXB0D6                                            (abs)        000F6C
_RXB0D7                                            (abs)        000F6D
_RXB0DLC                                           (abs)        000F65
_RXB0EIDH                                          (abs)        000F63
_RXB0EIDL                                          (abs)        000F64
_RXB0SIDH                                          (abs)        000F61
_RXB0SIDL                                          (abs)        000F62
_RXB1CONbits                                       (abs)        000F30
_RXB1D0                                            (abs)        000F36
_RXB1D1                                            (abs)        000F37
_RXB1D2                                            (abs)        000F38
_RXB1D3                                            (abs)        000F39
_RXB1D4                                            (abs)        000F3A
_RXB1D5                                            (abs)        000F3B
_RXB1D6                                            (abs)        000F3C
_RXB1D7                                            (abs)        000F3D
_RXB1DLC                                           (abs)        000F35
_RXB1EIDH                                          (abs)        000F33
_RXB1EIDL                                          (abs)        000F34
_RXB1SIDH                                          (abs)        000F31
_RXB1SIDL                                          (abs)        000F32
_RXF0EIDH                                          (abs)        000EE2
_RXF0EIDL                                          (abs)        000EE3
_RXF0SIDH                                          (abs)        000EE0
_RXF0SIDL                                          (abs)        000EE1
_RXF1EIDH                                          (abs)        000EE6
_RXF1EIDL                                          (abs)        000EE7
_RXF1SIDH                                          (abs)        000EE4
_RXF1SIDL                                          (abs)        000EE5
_RXF2EIDH                                          (abs)        000EEA
_RXF2EIDL                                          (abs)        000EEB
_RXF2SIDH                                          (abs)        000EE8
_RXF2SIDL                                          (abs)        000EE9
_RXF3EIDH                                          (abs)        000EEE
_RXF3EIDL                                          (abs)        000EEF
_RXF3SIDH                                          (abs)        000EEC
_RXF3SIDL                                          (abs)        000EED
_RXF4EIDH                                          (abs)        000EF2
_RXF4EIDL                                          (abs)        000EF3
_RXF4SIDH                                          (abs)        000EF0
_RXF4SIDL                                          (abs)        000EF1
_RXF5EIDH                                          (abs)        000EF6
_RXF5EIDL                                          (abs)        000EF7
_RXF5SIDH                                          (abs)        000EF4
_RXF5SIDL                                          (abs)        000EF5
_RXM0EIDH                                          (abs)        000EFA
_RXM0EIDL                                          (abs)        000EFB
_RXM0SIDH                                          (abs)        000EF8
_RXM0SIDL                                          (abs)        000EF9
_RXM1EIDH                                          (abs)        000EFE
_RXM1EIDL                                          (abs)        000EFF
_RXM1SIDH                                          (abs)        000EFC
_RXM1SIDL                                          (abs)        000EFD
_SPI_Exchange8bit                                  text51       006B8A
_SPI_Initialize                                    text40       006BAA
_SSPADD                                            (abs)        000FC8
_SSPBUF                                            (abs)        000FC9
_SSPCON1                                           (abs)        000FC6
_SSPCON1bits                                       (abs)        000FC6
_SSPSTAT                                           (abs)        000FC7
_SSPSTATbits                                       (abs)        000FC7
_SYSTEM_Initialize                                 text33       006AD6
_T0CON                                             (abs)        000FD5
_T0CONbits                                         (abs)        000FD5
_T1CON                                             (abs)        000FCD
_T1CONbits                                         (abs)        000FCD
_T1GCON                                            (abs)        000FAA
_T1GCONbits                                        (abs)        000FAA
_TMR0H                                             (abs)        000FD7
_TMR0L                                             (abs)        000FD6
_TMR0_DefaultInterruptHandler                      text61       006BF0
_TMR0_ISR                                          text60       006A42
_TMR0_Initialize                                   text37       0069D4
_TMR0_InterruptHandler                             bssCOMRAM    000049
_TMR0_SetInterruptHandler                          text39       006BCC
_TMR0_StartTimer                                   text38       006BE6
_TMR0_StopTimer                                    text32       006BDE
_TMR1H                                             (abs)        000FCF
_TMR1L                                             (abs)        000FCE
_TMR1_CallBack                                     text57       006AF4
_TMR1_DefaultInterruptHandler                      text58       006BEE
_TMR1_ISR                                          text56       006B9A
_TMR1_Initialize                                   text34       00695E
_TMR1_InterruptHandler                             bssCOMRAM    00004B
_TMR1_Reload                                       text31       006BB8
_TMR1_SetInterruptHandler                          text36       006BC2
_TMR1_StartTimer                                   text35       006BE2
_TRISA                                             (abs)        000F92
_TRISB                                             (abs)        000F93
_TRISC                                             (abs)        000F94
_TRISD                                             (abs)        000F95
_TRISE                                             (abs)        000F96
_TXB0CONbits                                       (abs)        000F20
_TXB0D0                                            (abs)        000F26
_TXB0D1                                            (abs)        000F27
_TXB0D2                                            (abs)        000F28
_TXB0D3                                            (abs)        000F29
_TXB0D4                                            (abs)        000F2A
_TXB0D5                                            (abs)        000F2B
_TXB0D6                                            (abs)        000F2C
_TXB0D7                                            (abs)        000F2D
_TXB0DLC                                           (abs)        000F25
_TXB0EIDH                                          (abs)        000F23
_TXB0EIDL                                          (abs)        000F24
_TXB0SIDH                                          (abs)        000F21
_TXB0SIDL                                          (abs)        000F22
_TXB1CONbits                                       (abs)        000F10
_TXB1D0                                            (abs)        000F16
_TXB1D1                                            (abs)        000F17
_TXB1D2                                            (abs)        000F18
_TXB1D3                                            (abs)        000F19
_TXB1D4                                            (abs)        000F1A
_TXB1D5                                            (abs)        000F1B
_TXB1D6                                            (abs)        000F1C
_TXB1D7                                            (abs)        000F1D
_TXB1DLC                                           (abs)        000F15
_TXB1EIDH                                          (abs)        000F13
_TXB1EIDL                                          (abs)        000F14
_TXB1SIDH                                          (abs)        000F11
_TXB1SIDL                                          (abs)        000F12
_TXB2CONbits                                       (abs)        000F00
_TXB2D0                                            (abs)        000F06
_TXB2D1                                            (abs)        000F07
_TXB2D2                                            (abs)        000F08
_TXB2D3                                            (abs)        000F09
_TXB2D4                                            (abs)        000F0A
_TXB2D5                                            (abs)        000F0B
_TXB2D6                                            (abs)        000F0C
_TXB2D7                                            (abs)        000F0D
_TXB2DLC                                           (abs)        000F05
_TXB2EIDH                                          (abs)        000F03
_TXB2EIDL                                          (abs)        000F04
_TXB2SIDH                                          (abs)        000F01
_TXB2SIDL                                          (abs)        000F02
_WPUB                                              (abs)        000F5B
__CFG_BBSIZ$BB2K                                   (abs)        000000
__CFG_BOREN$SBORDIS                                (abs)        000000
__CFG_BORPWR$ZPBORMV                               (abs)        000000
__CFG_BORV$3                                       (abs)        000000
__CFG_CANMX$PORTB                                  (abs)        000000
__CFG_CP0$OFF                                      (abs)        000000
__CFG_CP1$OFF                                      (abs)        000000
__CFG_CP2$OFF                                      (abs)        000000
__CFG_CP3$OFF                                      (abs)        000000
__CFG_CPB$OFF                                      (abs)        000000
__CFG_CPD$OFF                                      (abs)        000000
__CFG_EBTR0$OFF                                    (abs)        000000
__CFG_EBTR1$OFF                                    (abs)        000000
__CFG_EBTR2$OFF                                    (abs)        000000
__CFG_EBTR3$OFF                                    (abs)        000000
__CFG_EBTRB$OFF                                    (abs)        000000
__CFG_FCMEN$OFF                                    (abs)        000000
__CFG_FOSC$HS2                                     (abs)        000000
__CFG_IESO$OFF                                     (abs)        000000
__CFG_INTOSCSEL$HIGH                               (abs)        000000
__CFG_MCLRE$ON                                     (abs)        000000
__CFG_MSSPMSK$MSK7                                 (abs)        000000
__CFG_PLLCFG$ON                                    (abs)        000000
__CFG_PWRTEN$OFF                                   (abs)        000000
__CFG_RETEN$OFF                                    (abs)        000000
__CFG_SOSCSEL$DIG                                  (abs)        000000
__CFG_STVREN$ON                                    (abs)        000000
__CFG_WDTEN$OFF                                    (abs)        000000
__CFG_WDTPS$1048576                                (abs)        000000
__CFG_WRT0$OFF                                     (abs)        000000
__CFG_WRT1$OFF                                     (abs)        000000
__CFG_WRT2$OFF                                     (abs)        000000
__CFG_WRT3$OFF                                     (abs)        000000
__CFG_WRTB$OFF                                     (abs)        000000
__CFG_WRTC$OFF                                     (abs)        000000
__CFG_WRTD$OFF                                     (abs)        000000
__CFG_XINST$OFF                                    (abs)        000000
__HRAM                                             (abs)        000000
__Habs1                                            abs1         000000
__Hbank0                                           bank0        000000
__Hbank1                                           bank1        000000
__Hbank10                                          bank10       000000
__Hbank11                                          bank11       000000
__Hbank12                                          bank12       000000
__Hbank13                                          bank13       000000
__Hbank14                                          bank14       000000
__Hbank2                                           bank2        000000
__Hbank3                                           bank3        000000
__Hbank4                                           bank4        000000
__Hbank5                                           bank5        000000
__Hbank6                                           bank6        000000
__Hbank7                                           bank7        000000
__Hbank8                                           bank8        000000
__Hbank9                                           bank9        000000
__Hbigbss                                          bigbss       000000
__Hbigdata                                         bigdata      000000
__Hbigram                                          bigram       000000
__Hbss                                             bss          000000
__HbssBANK0                                        bssBANK0     000000
__HbssCOMRAM                                       bssCOMRAM    000000
__Hcinit                                           cinit        000000
__Hclrtext                                         clrtext      000000
__Hcomram                                          comram       000000
__Hconfig                                          config       30000E
__Hconst                                           const        000000
__HcstackBANK0                                     cstackBANK0  000000
__HcstackCOMRAM                                    cstackCOMRAM 000000
__Hdata                                            data         000000
__HdataBANK0                                       dataBANK0    000000
__Heeprom_data                                     eeprom_data  000000
__Hfarbss                                          farbss       000000
__Hfardata                                         fardata      000000
__Hibigdata                                        ibigdata     000000
__Hidata                                           idata        000000
__HidataBANK0                                      idataBANK0   000000
__Hidloc                                           idloc        200008
__Hifardata                                        ifardata     000000
__Hinit                                            init         00003C
__Hintcode                                         intcode      000038
__Hintcode_body                                    intcode_body 000000
__Hintcodelo                                       intcodelo    000038
__Hintentry                                        intentry     000000
__Hintret                                          intret       000000
__Hintsave_regs                                    intsave_regs 000000
__Hirdata                                          irdata       000000
__Hmediumconst                                     mediumconst  000000
__HnvFARRAM                                        nvFARRAM     000000
__Hnvbit                                           nvbit        000000
__Hnvrram                                          nvrram       000000
__Hparam                                           rparam       000000
__Hpowerup                                         powerup      000038
__Hram                                             ram          000000
__Hramtop                                          ramtop       000F00
__Hrbit                                            rbit         000000
__Hrbss                                            rbss         000000
__Hrdata                                           rdata        000000
__Hreset_vec                                       reset_vec    000004
__Hrparam                                          rparam       000000
__Hsfr                                             sfr          000000
__Hsmallconst                                      smallconst   000F9E
__Hspace_0                                         (abs)        30000E
__Hspace_1                                         (abs)        0000E7
__Hspace_2                                         (abs)        000000
__Hstack                                           stack        000000
__Hstruct                                          struct       000000
__Htemp                                            temp         000055
__Htext                                            text         000000
__Htext0                                           text0        000000
__Htext1                                           text1        000000
__Htext10                                          text10       000000
__Htext11                                          text11       000000
__Htext12                                          text12       000000
__Htext13                                          text13       000000
__Htext14                                          text14       000000
__Htext15                                          text15       000000
__Htext16                                          text16       000000
__Htext17                                          text17       000000
__Htext18                                          text18       000000
__Htext19                                          text19       000000
__Htext2                                           text2        000000
__Htext20                                          text20       000000
__Htext21                                          text21       000000
__Htext22                                          text22       000000
__Htext23                                          text23       000000
__Htext24                                          text24       000000
__Htext25                                          text25       000000
__Htext26                                          text26       000000
__Htext27                                          text27       000000
__Htext28                                          text28       000000
__Htext29                                          text29       000000
__Htext3                                           text3        000000
__Htext30                                          text30       000000
__Htext31                                          text31       000000
__Htext32                                          text32       000000
__Htext33                                          text33       000000
__Htext34                                          text34       000000
__Htext35                                          text35       000000
__Htext36                                          text36       000000
__Htext37                                          text37       000000
__Htext38                                          text38       000000
__Htext39                                          text39       000000
__Htext4                                           text4        000000
__Htext40                                          text40       000000
__Htext41                                          text41       000000
__Htext42                                          text42       000000
__Htext43                                          text43       000000
__Htext44                                          text44       000000
__Htext45                                          text45       000000
__Htext46                                          text46       000000
__Htext47                                          text47       000000
__Htext48                                          text48       000000
__Htext49                                          text49       000000
__Htext5                                           text5        000000
__Htext50                                          text50       000000
__Htext51                                          text51       000000
__Htext52                                          text52       000000
__Htext53                                          text53       000000
__Htext54                                          text54       000000
__Htext56                                          text56       000000
__Htext57                                          text57       000000
__Htext58                                          text58       000000
__Htext59                                          text59       000000
__Htext6                                           text6        000000
__Htext60                                          text60       000000
__Htext61                                          text61       000000
__Htext62                                          text62       000000
__Htext7                                           text7        000000
__Htext8                                           text8        000000
__Htext9                                           text9        000000
__LRAM                                             (abs)        000001
__Labs1                                            abs1         000000
__Lbank0                                           bank0        000000
__Lbank1                                           bank1        000000
__Lbank10                                          bank10       000000
__Lbank11                                          bank11       000000
__Lbank12                                          bank12       000000
__Lbank13                                          bank13       000000
__Lbank14                                          bank14       000000
__Lbank2                                           bank2        000000
__Lbank3                                           bank3        000000
__Lbank4                                           bank4        000000
__Lbank5                                           bank5        000000
__Lbank6                                           bank6        000000
__Lbank7                                           bank7        000000
__Lbank8                                           bank8        000000
__Lbank9                                           bank9        000000
__Lbigbss                                          bigbss       000000
__Lbigdata                                         bigdata      000000
__Lbigram                                          bigram       000000
__Lbss                                             bss          000000
__LbssBANK0                                        bssBANK0     000000
__LbssCOMRAM                                       bssCOMRAM    000000
__Lcinit                                           cinit        000000
__Lclrtext                                         clrtext      000000
__Lcomram                                          comram       000000
__Lconfig                                          config       300000
__Lconst                                           const        000000
__LcstackBANK0                                     cstackBANK0  000000
__LcstackCOMRAM                                    cstackCOMRAM 000000
__Ldata                                            data         000000
__LdataBANK0                                       dataBANK0    000000
__Leeprom_data                                     eeprom_data  000000
__Lfarbss                                          farbss       000000
__Lfardata                                         fardata      000000
__Libigdata                                        ibigdata     000000
__Lidata                                           idata        000000
__LidataBANK0                                      idataBANK0   000000
__Lidloc                                           idloc        200000
__Lifardata                                        ifardata     000000
__Linit                                            init         000038
__Lintcode                                         intcode      000008
__Lintcode_body                                    intcode_body 000000
__Lintcodelo                                       intcodelo    000038
__Lintentry                                        intentry     000000
__Lintret                                          intret       000000
__Lintsave_regs                                    intsave_regs 000000
__Lirdata                                          irdata       000000
__Lmediumconst                                     mediumconst  000000
__LnvFARRAM                                        nvFARRAM     000000
__Lnvbit                                           nvbit        000000
__Lnvrram                                          nvrram       000000
__Lparam                                           rparam       000000
__Lpowerup                                         powerup      000038
__Lram                                             ram          000000
__Lramtop                                          ramtop       000F00
__Lrbit                                            rbit         000000
__Lrbss                                            rbss         000000
__Lrdata                                           rdata        000000
__Lreset_vec                                       reset_vec    000000
__Lrparam                                          rparam       000000
__Lsfr                                             sfr          000000
__Lsmallconst                                      smallconst   000F00
__Lspace_0                                         (abs)        000000
__Lspace_1                                         (abs)        000000
__Lspace_2                                         (abs)        000000
__Lstack                                           stack        000000
__Lstruct                                          struct       000000
__Ltemp                                            temp         000054
__Ltext                                            text         000000
__Ltext0                                           text0        000000
__Ltext1                                           text1        000000
__Ltext10                                          text10       000000
__Ltext11                                          text11       000000
__Ltext12                                          text12       000000
__Ltext13                                          text13       000000
__Ltext14                                          text14       000000
__Ltext15                                          text15       000000
__Ltext16                                          text16       000000
__Ltext17                                          text17       000000
__Ltext18                                          text18       000000
__Ltext19                                          text19       000000
__Ltext2                                           text2        000000
__Ltext20                                          text20       000000
__Ltext21                                          text21       000000
__Ltext22                                          text22       000000
__Ltext23                                          text23       000000
__Ltext24                                          text24       000000
__Ltext25                                          text25       000000
__Ltext26                                          text26       000000
__Ltext27                                          text27       000000
__Ltext28                                          text28       000000
__Ltext29                                          text29       000000
__Ltext3                                           text3        000000
__Ltext30                                          text30       000000
__Ltext31                                          text31       000000
__Ltext32                                          text32       000000
__Ltext33                                          text33       000000
__Ltext34                                          text34       000000
__Ltext35                                          text35       000000
__Ltext36                                          text36       000000
__Ltext37                                          text37       000000
__Ltext38                                          text38       000000
__Ltext39                                          text39       000000
__Ltext4                                           text4        000000
__Ltext40                                          text40       000000
__Ltext41                                          text41       000000
__Ltext42                                          text42       000000
__Ltext43                                          text43       000000
__Ltext44                                          text44       000000
__Ltext45                                          text45       000000
__Ltext46                                          text46       000000
__Ltext47                                          text47       000000
__Ltext48                                          text48       000000
__Ltext49                                          text49       000000
__Ltext5                                           text5        000000
__Ltext50                                          text50       000000
__Ltext51                                          text51       000000
__Ltext52                                          text52       000000
__Ltext53                                          text53       000000
__Ltext54                                          text54       000000
__Ltext56                                          text56       000000
__Ltext57                                          text57       000000
__Ltext58                                          text58       000000
__Ltext59                                          text59       000000
__Ltext6                                           text6        000000
__Ltext60                                          text60       000000
__Ltext61                                          text61       000000
__Ltext62                                          text62       000000
__Ltext7                                           text7        000000
__Ltext8                                           text8        000000
__Ltext9                                           text9        000000
__S0                                               (abs)        30000E
__S1                                               (abs)        0000E7
__S2                                               (abs)        000000
___awdiv                                           text28       00664A
___awdiv@counter                                   cstackCOMRAM 000007
___awdiv@dividend                                  cstackCOMRAM 000003
___awdiv@divisor                                   cstackCOMRAM 000005
___awdiv@quotient                                  cstackCOMRAM 000009
___awdiv@sign                                      cstackCOMRAM 000008
___awmod                                           text27       006746
___awmod@counter                                   cstackCOMRAM 00000F
___awmod@dividend                                  cstackCOMRAM 00000B
___awmod@divisor                                   cstackCOMRAM 00000D
___awmod@sign                                      cstackCOMRAM 000010
___flge                                            text30       005D9A
___flge@ff1                                        cstackCOMRAM 000011
___flge@ff2                                        cstackCOMRAM 000015
___inthi_sp                                        stack        000000
___intlo_sp                                        stack        000000
___param_bank                                      (abs)        000000
___rparam_used                                     (abs)        000001
___sp                                              stack        000000
___wmul                                            text11       006A6A
___wmul@multiplicand                               cstackCOMRAM 000005
___wmul@multiplier                                 cstackCOMRAM 000003
___wmul@product                                    cstackCOMRAM 000007
___xxtofl                                          text29       005C5A
___xxtofl@arg                                      cstackCOMRAM 00000D
___xxtofl@exp                                      cstackCOMRAM 00000C
___xxtofl@sign                                     cstackCOMRAM 00000B
___xxtofl@val                                      cstackCOMRAM 000003
__accesstop                                        (abs)        000060
__activetblptr                                     (abs)        000003
__end_of_CAN_receive                               text52       005B12
__end_of_ECAN_Initialize                           text44       0064AC
__end_of_FT800_Init                                text45       005678
__end_of_INTERRUPT_Initialize                      text43       006BEE
__end_of_INTERRUPT_InterruptManager                intcode      000038
__end_of_OSCILLATOR_Initialize                     text42       006B8A
__end_of_PIN_MANAGER_Initialize                    text41       006A42
__end_of_SPI_Exchange8bit                          text51       006B9A
__end_of_SPI_Initialize                            text40       006BB8
__end_of_SYSTEM_Initialize                         text33       006AF4
__end_of_TMR0_DefaultInterruptHandler              text61       006BF2
__end_of_TMR0_ISR                                  text60       006A6A
__end_of_TMR0_Initialize                           text37       006A0C
__end_of_TMR0_SetInterruptHandler                  text39       006BD6
__end_of_TMR0_StartTimer                           text38       006BEA
__end_of_TMR0_StopTimer                            text32       006BE2
__end_of_TMR1_CallBack                             text57       006B12
__end_of_TMR1_DefaultInterruptHandler              text58       006BF0
__end_of_TMR1_ISR                                  text56       006BAA
__end_of_TMR1_Initialize                           text34       00699A
__end_of_TMR1_Reload                               text31       006BC2
__end_of_TMR1_SetInterruptHandler                  text36       006BCC
__end_of_TMR1_StartTimer                           text35       006BE6
__end_of___awdiv                                   text28       0066CE
__end_of___awmod                                   text27       0067B6
__end_of___flge                                    text30       005EBA
__end_of___wmul                                    text11       006A90
__end_of___xxtofl                                  text29       005D9A
__end_of__initialization                           cinit        006896
__end_of_cmd                                       text25       006920
__end_of_cmd_incrementn                            text26       006B2E
__end_of_convertReg2ExtendedCANid                  text54       005C5A
__end_of_convertReg2StandardCANid                  text53       00664A
__end_of_display                                   text6        0065C4
__end_of_display_battery                           text22       00502C
__end_of_display_bottom_section                    text20       00653E
__end_of_display_brake_bias                        text5        005FD2
__end_of_display_bspd                              text19       004CCA
__end_of_display_end                               text18       00685E
__end_of_display_etc                               text17       002674
__end_of_display_fuel_level                        text16       0058EC
__end_of_display_gasPres                           text4        00537A
__end_of_display_gear                              text15       004900
__end_of_display_grids                             text14       004416
__end_of_display_labels                            text13       001F74
__end_of_display_laptime                           text3        003302
__end_of_display_oilTemp                           text12       006306
__end_of_display_rpm                               text10       0038CC
__end_of_display_speed                             text9        006202
__end_of_display_start                             text8        00695E
__end_of_display_status                            text2        002D2C
__end_of_display_tp                                text21       00640A
__end_of_display_waterTemp                         text7        0060EA
__end_of_host_command                              text50       006B62
__end_of_main                                      text0        003E88
__end_of_rd16                                      text49       0069D4
__end_of_refresh                                   text59       006BDE
__end_of_strlen                                    text24       0068E0
__end_of_wait2secs                                 text1        006B48
__end_of_wr16                                      text48       006AB6
__end_of_wr32                                      text47       006818
__end_of_wr8                                       text46       006AD6
__end_of_wr8s                                      text23       006746
__initialization                                   cinit        00685E
__mediumconst                                      mediumconst  000000
__pbssBANK0                                        bssBANK0     0000AE
__pbssCOMRAM                                       bssCOMRAM    000047
__pcinit                                           cinit        00685E
__pcstackBANK0                                     cstackBANK0  000060
__pcstackCOMRAM                                    cstackCOMRAM 000001
__pdataBANK0                                       dataBANK0    0000D1
__pidataBANK0                                      idataBANK0   006B62
__pintcode                                         intcode      000008
__psmallconst                                      smallconst   000F00
__ptext0                                           text0        0038CC
__ptext1                                           text1        006B2E
__ptext10                                          text10       003302
__ptext11                                          text11       006A6A
__ptext12                                          text12       006202
__ptext13                                          text13       000F9E
__ptext14                                          text14       003E88
__ptext15                                          text15       004416
__ptext16                                          text16       005678
__ptext17                                          text17       001F74
__ptext18                                          text18       006818
__ptext19                                          text19       004900
__ptext2                                           text2        002674
__ptext20                                          text20       0064AC
__ptext21                                          text21       006306
__ptext22                                          text22       004CCA
__ptext23                                          text23       0066CE
__ptext24                                          text24       0068A0
__ptext25                                          text25       0068E0
__ptext26                                          text26       006B12
__ptext27                                          text27       006746
__ptext28                                          text28       00664A
__ptext29                                          text29       005C5A
__ptext3                                           text3        002D2C
__ptext30                                          text30       005D9A
__ptext31                                          text31       006BB8
__ptext32                                          text32       006BDE
__ptext33                                          text33       006AD6
__ptext34                                          text34       00695E
__ptext35                                          text35       006BE2
__ptext36                                          text36       006BC2
__ptext37                                          text37       0069D4
__ptext38                                          text38       006BE6
__ptext39                                          text39       006BCC
__ptext4                                           text4        00502C
__ptext40                                          text40       006BAA
__ptext41                                          text41       006A0C
__ptext42                                          text42       006B78
__ptext43                                          text43       006BEA
__ptext44                                          text44       00640A
__ptext45                                          text45       00537A
__ptext46                                          text46       006AB6
__ptext47                                          text47       0067B6
__ptext48                                          text48       006A90
__ptext49                                          text49       00699A
__ptext5                                           text5        005EBA
__ptext50                                          text50       006B48
__ptext51                                          text51       006B8A
__ptext52                                          text52       0058EC
__ptext53                                          text53       0065C4
__ptext54                                          text54       005B12
__ptext56                                          text56       006B9A
__ptext57                                          text57       006AF4
__ptext58                                          text58       006BEE
__ptext59                                          text59       006BD6
__ptext6                                           text6        00653E
__ptext60                                          text60       006A42
__ptext61                                          text61       006BF0
__ptext62                                          text62       000000
__ptext7                                           text7        005FD2
__ptext8                                           text8        006920
__ptext9                                           text9        0060EA
__ramtop                                           ramtop       000F00
__size_of_CAN_receive                              (abs)        000000
__size_of_ECAN_Initialize                          (abs)        000000
__size_of_FT800_Init                               (abs)        000000
__size_of_INTERRUPT_Initialize                     (abs)        000000
__size_of_INTERRUPT_InterruptManager               (abs)        000000
__size_of_OSCILLATOR_Initialize                    (abs)        000000
__size_of_PIN_MANAGER_Initialize                   (abs)        000000
__size_of_SPI_Exchange8bit                         (abs)        000000
__size_of_SPI_Initialize                           (abs)        000000
__size_of_SYSTEM_Initialize                        (abs)        000000
__size_of_TMR0_DefaultInterruptHandler             (abs)        000000
__size_of_TMR0_ISR                                 (abs)        000000
__size_of_TMR0_Initialize                          (abs)        000000
__size_of_TMR0_SetInterruptHandler                 (abs)        000000
__size_of_TMR0_StartTimer                          (abs)        000000
__size_of_TMR0_StopTimer                           (abs)        000000
__size_of_TMR1_CallBack                            (abs)        000000
__size_of_TMR1_DefaultInterruptHandler             (abs)        000000
__size_of_TMR1_ISR                                 (abs)        000000
__size_of_TMR1_Initialize                          (abs)        000000
__size_of_TMR1_Reload                              (abs)        000000
__size_of_TMR1_SetInterruptHandler                 (abs)        000000
__size_of_TMR1_StartTimer                          (abs)        000000
__size_of___awdiv                                  (abs)        000000
__size_of___awmod                                  (abs)        000000
__size_of___flge                                   (abs)        000000
__size_of___wmul                                   (abs)        000000
__size_of___xxtofl                                 (abs)        000000
__size_of_cmd                                      (abs)        000000
__size_of_cmd_incrementn                           (abs)        000000
__size_of_convertReg2ExtendedCANid                 (abs)        000000
__size_of_convertReg2StandardCANid                 (abs)        000000
__size_of_display                                  (abs)        000000
__size_of_display_battery                          (abs)        000000
__size_of_display_bottom_section                   (abs)        000000
__size_of_display_brake_bias                       (abs)        000000
__size_of_display_bspd                             (abs)        000000
__size_of_display_end                              (abs)        000000
__size_of_display_etc                              (abs)        000000
__size_of_display_fuel_level                       (abs)        000000
__size_of_display_gasPres                          (abs)        000000
__size_of_display_gear                             (abs)        000000
__size_of_display_grids                            (abs)        000000
__size_of_display_labels                           (abs)        000000
__size_of_display_laptime                          (abs)        000000
__size_of_display_oilTemp                          (abs)        000000
__size_of_display_rpm                              (abs)        000000
__size_of_display_speed                            (abs)        000000
__size_of_display_start                            (abs)        000000
__size_of_display_status                           (abs)        000000
__size_of_display_tp                               (abs)        000000
__size_of_display_waterTemp                        (abs)        000000
__size_of_host_command                             (abs)        000000
__size_of_main                                     (abs)        000000
__size_of_rd16                                     (abs)        000000
__size_of_refresh                                  (abs)        000000
__size_of_strlen                                   (abs)        000000
__size_of_wait2secs                                (abs)        000000
__size_of_wr16                                     (abs)        000000
__size_of_wr32                                     (abs)        000000
__size_of_wr8                                      (abs)        000000
__size_of_wr8s                                     (abs)        000000
__smallconst                                       smallconst   000F00
_canMessage                                        bssBANK0     0000C3
_cmd                                               text25       0068E0
_cmd_incrementn                                    text26       006B12
_cmd_offset                                        bssCOMRAM    00004F
_convertReg2ExtendedCANid                          text54       005B12
_convertReg2StandardCANid                          text53       0065C4
_display                                           text6        00653E
_display_battery                                   text22       004CCA
_display_bottom_section                            text20       0064AC
_display_brake_bias                                text5        005EBA
_display_bspd                                      text19       004900
_display_end                                       text18       006818
_display_etc                                       text17       001F74
_display_fuel_level                                text16       005678
_display_gasPres                                   text4        00502C
_display_gear                                      text15       004416
_display_grids                                     text14       003E88
_display_labels                                    text13       000F9E
_display_laptime                                   text3        002D2C
_display_oilTemp                                   text12       006202
_display_rpm                                       text10       003302
_display_speed                                     text9        0060EA
_display_start                                     text8        006920
_display_status                                    text2        002674
_display_tp                                        text21       006306
_display_waterTemp                                 text7        005FD2
_dli                                               bssCOMRAM    000051
_host_command                                      text50       006B48
_main                                              text0        0038CC
_rd16                                              text49       00699A
_refresh                                           text59       006BD6
_refresh_screen                                    bssBANK0     0000C2
_strlen                                            text24       0068A0
_timer0ReloadVal                                   bssCOMRAM    000047
_timer1ReloadVal                                   bssCOMRAM    00004D
_up_blink                                          bssCOMRAM    000053
_wait2secs                                         text1        006B2E
_wr16                                              text48       006A90
_wr32                                              text47       0067B6
_wr8                                               text46       006AB6
_wr8s                                              text23       0066CE
btemp                                              temp         000054
cmd@command                                        cstackCOMRAM 000011
cmd_incrementn@n                                   cstackCOMRAM 000005
convertReg2ExtendedCANid@CAN_standardLo_ID_hi3bits cstackCOMRAM 000011
convertReg2ExtendedCANid@CAN_standardLo_ID_lo2bits cstackCOMRAM 000010
convertReg2ExtendedCANid@ConvertedID               cstackCOMRAM 000012
convertReg2ExtendedCANid@returnValue               cstackCOMRAM 00000C
convertReg2ExtendedCANid@tempRXBn_EIDH             cstackCOMRAM 00000B
convertReg2ExtendedCANid@tempRXBn_EIDL             cstackCOMRAM 000003
convertReg2ExtendedCANid@tempRXBn_SIDH             cstackCOMRAM 000004
convertReg2ExtendedCANid@tempRXBn_SIDL             cstackCOMRAM 000005
convertReg2StandardCANid@ConvertedID               cstackCOMRAM 00000E
convertReg2StandardCANid@returnValue               cstackCOMRAM 00000A
convertReg2StandardCANid@tempRXBn_SIDH             cstackCOMRAM 000009
convertReg2StandardCANid@tempRXBn_SIDL             cstackCOMRAM 000003
display@battVolts                                  cstackCOMRAM 000043
display@bspd                                       cstackCOMRAM 000037
display@engTemp                                    cstackCOMRAM 00003F
display@etc                                        cstackCOMRAM 000039
display@fuel                                       cstackCOMRAM 000033
display@gasPres                                    cstackCOMRAM 000031
display@gear                                       cstackCOMRAM 00003D
display@oilP                                       cstackCOMRAM 00002F
display@oilTemp                                    cstackCOMRAM 000041
display@rpm                                        cstackCOMRAM 00002D
display@speed                                      cstackCOMRAM 00003B
display@tp                                         cstackCOMRAM 000035
display_battery@volts                              cstackCOMRAM 000019
display_bottom_section@tp                          cstackCOMRAM 000021
display_bottom_section@volts                       cstackCOMRAM 00001F
display_brake_bias@bias                            cstackCOMRAM 000019
display_bspd@bspd                                  cstackCOMRAM 000019
display_etc@etc                                    cstackCOMRAM 000019
display_fuel_level@fuel                            cstackCOMRAM 000019
display_gasPres@gasPres                            cstackCOMRAM 000019
display_gear@gear                                  cstackCOMRAM 000019
display_laptime@best_dec                           cstackCOMRAM 00001F
display_laptime@best_int                           cstackCOMRAM 00001D
display_laptime@best_lap                           cstackCOMRAM 000027
display_laptime@current_dec                        cstackCOMRAM 00001B
display_laptime@current_int                        cstackCOMRAM 000019
display_laptime@lap                                cstackCOMRAM 000025
display_laptime@last_dec                           cstackCOMRAM 000023
display_laptime@last_int                           cstackCOMRAM 000021
display_laptime@time_difference_decimal            cstackCOMRAM 00002D
display_laptime@time_difference_integer            cstackCOMRAM 00002F
display_oilTemp@temp                               cstackCOMRAM 000019
display_rpm@diff                                   cstackCOMRAM 000027
display_rpm@first_digit                            cstackCOMRAM 000023
display_rpm@i                                      cstackCOMRAM 00002B
display_rpm@n                                      cstackCOMRAM 000029
display_rpm@rpm                                    cstackCOMRAM 000019
display_rpm@second_digit                           cstackCOMRAM 000025
display_speed@speed                                cstackCOMRAM 000019
display_status@autoShift                           cstackCOMRAM 000019
display_status@clutch                              cstackCOMRAM 00001A
display_status@launch                              cstackCOMRAM 000020
display_status@radio                               cstackCOMRAM 00001B
display_tp@tp                                      cstackCOMRAM 000019
display_waterTemp@temp                             cstackCOMRAM 000019
end_of_initialization                              cinit        006896
host_command@command                               cstackCOMRAM 000004
int$flags                                          temp         000054
intlevel0                                          text         000000
intlevel1                                          text         000000
intlevel2                                          text         000000
intlevel3                                          text         000000
main@BSPD_counter                                  cstackBANK0  00007F
main@F12754                                        dataBANK0    0000D1
main@F12762                                        bssBANK0     0000AE
main@autoShift                                     cstackBANK0  00007D
main@battVolts                                     cstackBANK0  000090
main@bias                                          cstackBANK0  000078
main@brake_p                                       cstackBANK0  00007A
main@bspd                                          cstackBANK0  000082
main@clutch                                        cstackBANK0  00007E
main@drs                                           cstackBANK0  000075
main@engTemp                                       cstackBANK0  00008C
main@etc                                           cstackBANK0  000094
main@fuel                                          cstackBANK0  000086
main@gasP                                          cstackBANK0  000092
main@gear                                          cstackBANK0  00008A
main@lap_time                                      cstackBANK0  000098
main@launch                                        cstackBANK0  00007C
main@message                                       cstackBANK0  000060
main@oilP                                          cstackBANK0  000076
main@oilTemp                                       cstackBANK0  00008E
main@radio                                         cstackBANK0  000081
main@rpm                                           cstackBANK0  000084
main@speed                                         cstackBANK0  000088
main@timer_started                                 cstackBANK0  000074
main@tp                                            cstackBANK0  000096
rd16@addr                                          cstackCOMRAM 000004
rd16@temp                                          cstackCOMRAM 00000A
[...]
      Locals:         1       0       0       0       0       0       0       0       0       0       0       0       0       0       0       0
      Temps:          0       0       0       0       0       0       0       0       0       0       0       0       0       0       0       0
      Totals:         1       0       0       0       0       0       0       0       0       0       0       0       0       0       0       0
Total ram usage:        1 bytes
 Hardware stack levels used:    1
 Hardware stack levels required when called:    4
 This function calls:
		Nothing
 This function is called by:
		_host_command
		_wr8
		_wr16
		_wr32
		_wr8s
		_rd16
		_rd8
		_rd32
		_SPI_Exchange8bitBuffer
 This function uses a non-reentrant model


 *************** function _CAN_receive *****************
 Defined at:
		line 239 in file "mcc_generated_files/ecan.c"
 Parameters:    Size  Location     Type
  tempCanMsg      2   21[COMRAM] PTR struct .
		 -> canMessage(14), 
 Auto vars:     Size  Location     Type
  returnValue     1   23[COMRAM] unsigned char 
 Return value:  Size  Location     Type
                  1    wreg      unsigned char 
 Registers used:
		wreg, fsr2l, fsr2h, status,2, status,0, cstack
 Tracked objects:
		On entry : 
		On exit  : 
		Unchanged: 
 Data sizes:     COMRAM   BANK0   BANK1   BANK2   BANK3   BANK4   BANK5   BANK6   BANK7   BANK8   BANK9  BANK10  BANK11  BANK12  BANK13  BANK14
      Params:         2       0       0       0       0       0       0       0       0       0       0       0       0       0       0       0
      Locals:         1       0       0       0       0       0       0       0       0       0       0       0       0       0       0       0
      Temps:          0       0       0       0       0       0       0       0       0       0       0       0       0       0       0       0
      Totals:         3       0       0       0       0       0       0       0       0       0       0       0       0       0       0       0
Total ram usage:        3 bytes
 Hardware stack levels used:    1
 Hardware stack levels required when called:    5
 This function calls:
		_convertReg2ExtendedCANid
		_convertReg2StandardCANid
 This function is called by:
		_main
 This function uses a non-reentrant model


 *************** function _convertReg2StandardCANid *****************
 Defined at:
		line 385 in file "mcc_generated_files/ecan.c"
 Parameters:    Size  Location     Type
  tempRXBn_SID    1    wreg     unsigned char 
  tempRXBn_SID    1    2[COMRAM] unsigned char 
 Auto vars:     Size  Location     Type
  tempRXBn_SID    1    8[COMRAM] unsigned char 
  ConvertedID     4   13[COMRAM] unsigned long 
  returnValue     4    9[COMRAM] unsigned long 
 Return value:  Size  Location     Type
                  4    2[COMRAM] unsigned long 
 Registers used:
		wreg, status,2, status,0
 Tracked objects:
		On entry : 
		On exit  : 
		Unchanged: 
 Data sizes:     COMRAM   BANK0   BANK1   BANK2   BANK3   BANK4   BANK5   BANK6   BANK7   BANK8   BANK9  BANK10  BANK11  BANK12  BANK13  BANK14
      Params:         4       0       0       0       0       0       0       0       0       0       0       0       0       0       0       0
      Locals:         9       0       0       0       0       0       0       0       0       0       0       0       0       0       0       0
      Temps:          2       0       0       0       0       0       0       0       0       0       0       0       0       0       0       0
      Totals:        15       0       0       0       0       0       0       0       0       0       0       0       0       0       0       0
Total ram usage:       15 bytes
 Hardware stack levels used:    1
 Hardware stack levels required when called:    4
 This function calls:
		Nothing
 This function is called by:
		_CAN_receive
 This function uses a non-reentrant model


 *************** function _convertReg2ExtendedCANid *****************
 Defined at:
		line 365 in file "mcc_generated_files/ecan.c"
 Parameters:    Size  Location     Type
  tempRXBn_EID    1    wreg     unsigned char 
  tempRXBn_EID    1    2[COMRAM] unsigned char 
  tempRXBn_SID    1    3[COMRAM] unsigned char 
  tempRXBn_SID    1    4[COMRAM] unsigned char 
 Auto vars:     Size  Location     Type
  tempRXBn_EID    1   10[COMRAM] unsigned char 
  ConvertedID     4   17[COMRAM] unsigned long 
  returnValue     4   11[COMRAM] unsigned long 
  CAN_standard    1   16[COMRAM] unsigned char 
  CAN_standard    1   15[COMRAM] unsigned char 
 Return value:  Size  Location     Type
                  4    2[COMRAM] unsigned long 
 Registers used:
		wreg, status,2, status,0
 Tracked objects:
		On entry : 
		On exit  : 
		Unchanged: 
 Data sizes:     COMRAM   BANK0   BANK1   BANK2   BANK3   BANK4   BANK5   BANK6   BANK7   BANK8   BANK9  BANK10  BANK11  BANK12  BANK13  BANK14
      Params:         4       0       0       0       0       0       0       0       0       0       0       0       0       0       0       0
      Locals:        11       0       0       0       0       0       0       0       0       0       0       0       0       0       0       0
      Temps:          4       0       0       0       0       0       0       0       0       0       0       0       0       0       0       0
      Totals:        19       0       0       0       0       0       0       0       0       0       0       0       0       0       0       0
Total ram usage:       19 bytes
 Hardware stack levels used:    1
 Hardware stack levels required when called:    4
 This function calls:
		Nothing
 This function is called by:
		_CAN_receive
 This function uses a non-reentrant model


 *************** function _INTERRUPT_InterruptManager *****************
 Defined at:
		line 57 in file "mcc_generated_files/interrupt_manager.c"
 Parameters:    Size  Location     Type
		None
 Auto vars:     Size  Location     Type
		None
 Return value:  Size  Location     Type
                  1    wreg      void 
 Registers used:
		wreg, status,2, status,0, pclath, tosl, cstack
 Tracked objects:
		On entry : 
		On exit  : 
		Unchanged: 
 Data sizes:     COMRAM   BANK0   BANK1   BANK2   BANK3   BANK4   BANK5   BANK6   BANK7   BANK8   BANK9  BANK10  BANK11  BANK12  BANK13  BANK14
      Params:         0       0       0       0       0       0       0       0       0       0       0       0       0       0       0       0
      Locals:         0       0       0       0       0       0       0       0       0       0       0       0       0       0       0       0
      Temps:          2       0       0       0       0       0       0       0       0       0       0       0       0       0       0       0
      Totals:         2       0       0       0       0       0       0       0       0       0       0       0       0       0       0       0
Total ram usage:        2 bytes
 Hardware stack levels used:    1
 Hardware stack levels required when called:    3
 This function calls:
		_TMR0_ISR
		_TMR1_ISR
 This function is called by:
		Interrupt level 2
 This function uses a non-reentrant model


 *************** function _TMR1_ISR *****************
 Defined at:
		line 160 in file "mcc_generated_files/tmr1.c"
 Parameters:    Size  Location     Type
		None
 Auto vars:     Size  Location     Type
		None
 Return value:  Size  Location     Type
                  1    wreg      void 
 Registers used:
		wreg, status,2, status,0, pclath, tosl, cstack
 Tracked objects:
		On entry : 
		On exit  : 
		Unchanged: 
 Data sizes:     COMRAM   BANK0   BANK1   BANK2   BANK3   BANK4   BANK5   BANK6   BANK7   BANK8   BANK9  BANK10  BANK11  BANK12  BANK13  BANK14
      Params:         0       0       0       0       0       0       0       0       0       0       0       0       0       0       0       0
      Locals:         0       0       0       0       0       0       0       0       0       0       0       0       0       0       0       0
      Temps:          0       0       0       0       0       0       0       0       0       0       0       0       0       0       0       0
      Totals:         0       0       0       0       0       0       0       0       0       0       0       0       0       0       0       0
Total ram usage:        0 bytes
 Hardware stack levels used:    1
 Hardware stack levels required when called:    2
 This function calls:
		_TMR1_CallBack
 This function is called by:
		_INTERRUPT_InterruptManager
 This function uses a non-reentrant model


 *************** function _TMR1_CallBack *****************
 Defined at:
		line 174 in file "mcc_generated_files/tmr1.c"
 Parameters:    Size  Location     Type
		None
 Auto vars:     Size  Location     Type
		None
 Return value:  Size  Location     Type
                  1    wreg      void 
 Registers used:
		wreg, status,2, status,0, pclath, tosl, cstack
 Tracked objects:
		On entry : 
		On exit  : 
		Unchanged: 
 Data sizes:     COMRAM   BANK0   BANK1   BANK2   BANK3   BANK4   BANK5   BANK6   BANK7   BANK8   BANK9  BANK10  BANK11  BANK12  BANK13  BANK14
      Params:         0       0       0       0       0       0       0       0       0       0       0       0       0       0       0       0
      Locals:         0       0       0       0       0       0       0       0       0       0       0       0       0       0       0       0
      Temps:          0       0       0       0       0       0       0       0       0       0       0       0       0       0       0       0
      Totals:         0       0       0       0       0       0       0       0       0       0       0       0       0       0       0       0
Total ram usage:        0 bytes
 Hardware stack levels used:    1
 Hardware stack levels required when called:    1
 This function calls:
		Absolute function
		_TMR1_DefaultInterruptHandler
		_refresh
 This function is called by:
		_TMR1_ISR
 This function uses a non-reentrant model


 *************** function _TMR1_DefaultInterruptHandler *****************
 Defined at:
		line 187 in file "mcc_generated_files/tmr1.c"
 Parameters:    Size  Location     Type
		None
 Auto vars:     Size  Location     Type
		None
 Return value:  Size  Location     Type
                  1    wreg      void 
 Registers used:
		None
 Tracked objects:
		On entry : 
		On exit  : 
		Unchanged: 
 Data sizes:     COMRAM   BANK0   BANK1   BANK2   BANK3   BANK4   BANK5   BANK6   BANK7   BANK8   BANK9  BANK10  BANK11  BANK12  BANK13  BANK14
      Params:         0       0       0       0       0       0       0       0       0       0       0       0       0       0       0       0
      Locals:         0       0       0       0       0       0       0       0       0       0       0       0       0       0       0       0
      Temps:          0       0       0       0       0       0       0       0       0       0       0       0       0       0       0       0
      Totals:         0       0       0       0       0       0       0       0       0       0       0       0       0       0       0       0
Total ram usage:        0 bytes
 Hardware stack levels used:    1
 This function calls:
		Nothing
 This function is called by:
		_TMR1_Initialize
		_TMR1_CallBack
 This function uses a non-reentrant model


 *************** function _refresh *****************
 Defined at:
		line 31 in file "main.c"
 Parameters:    Size  Location     Type
		None
 Auto vars:     Size  Location     Type
		None
 Return value:  Size  Location     Type
                  1    wreg      void 
 Registers used:
		wreg, status,2
 Tracked objects:
		On entry : 
		On exit  : 
		Unchanged: 
 Data sizes:     COMRAM   BANK0   BANK1   BANK2   BANK3   BANK4   BANK5   BANK6   BANK7   BANK8   BANK9  BANK10  BANK11  BANK12  BANK13  BANK14
      Params:         0       0       0       0       0       0       0       0       0       0       0       0       0       0       0       0
      Locals:         0       0       0       0       0       0       0       0       0       0       0       0       0       0       0       0
      Temps:          0       0       0       0       0       0       0       0       0       0       0       0       0       0       0       0
      Totals:         0       0       0       0       0       0       0       0       0       0       0       0       0       0       0       0
Total ram usage:        0 bytes
 Hardware stack levels used:    1
 This function calls:
		Nothing
 This function is called by:
		_main
		_TMR1_CallBack
 This function uses a non-reentrant model


 *************** function _TMR0_ISR *****************
 Defined at:
		line 134 in file "mcc_generated_files/tmr0.c"
 Parameters:    Size  Location     Type
		None
 Auto vars:     Size  Location     Type
		None
 Return value:  Size  Location     Type
                  1    wreg      void 
 Registers used:
		wreg, status,2, status,0, pclath, tosl, cstack
 Tracked objects:
		On entry : 
		On exit  : 
		Unchanged: 
 Data sizes:     COMRAM   BANK0   BANK1   BANK2   BANK3   BANK4   BANK5   BANK6   BANK7   BANK8   BANK9  BANK10  BANK11  BANK12  BANK13  BANK14
      Params:         0       0       0       0       0       0       0       0       0       0       0       0       0       0       0       0
      Locals:         0       0       0       0       0       0       0       0       0       0       0       0       0       0       0       0
      Temps:          0       0       0       0       0       0       0       0       0       0       0       0       0       0       0       0
      Totals:         0       0       0       0       0       0       0       0       0       0       0       0       0       0       0       0
Total ram usage:        0 bytes
 Hardware stack levels used:    1
 Hardware stack levels required when called:    1
 This function calls:
		Absolute function
		_TMR0_DefaultInterruptHandler
 This function is called by:
		_INTERRUPT_InterruptManager
 This function uses a non-reentrant model


 *************** function _TMR0_DefaultInterruptHandler *****************
 Defined at:
		line 158 in file "mcc_generated_files/tmr0.c"
 Parameters:    Size  Location     Type
		None
 Auto vars:     Size  Location     Type
		None
 Return value:  Size  Location     Type
                  1    wreg      void 
 Registers used:
		None
 Tracked objects:
		On entry : 
		On exit  : 
		Unchanged: 
 Data sizes:     COMRAM   BANK0   BANK1   BANK2   BANK3   BANK4   BANK5   BANK6   BANK7   BANK8   BANK9  BANK10  BANK11  BANK12  BANK13  BANK14
      Params:         0       0       0       0       0       0       0       0       0       0       0       0       0       0       0       0
      Locals:         0       0       0       0       0       0       0       0       0       0       0       0       0       0       0       0
      Temps:          0       0       0       0       0       0       0       0       0       0       0       0       0       0       0       0
      Totals:         0       0       0       0       0       0       0       0       0       0       0       0       0       0       0       0
Total ram usage:        0 bytes
 Hardware stack levels used:    1
 This function calls:
		Nothing
 This function is called by:
		_TMR0_Initialize
		_TMR0_ISR
 This function uses a non-reentrant model



MODULE INFORMATION

Module		Function		Class		Link	Load	Size
mcc_generated_files/interrupt_manager.c
		_INTERRUPT_Initialize		CODE           	6BEA	0000	5
		_INTERRUPT_InterruptManager		CODE           	0008	0000	49

mcc_generated_files/interrupt_manager.c estimated size: 54

mcc_generated_files/tmr0.c
		_TMR0_SetInterruptHandler		CODE           	6BCC	0000	11
		_TMR0_StopTimer		CODE           	6BDE	0000	5
		_TMR0_DefaultInterruptHandler		CODE           	6BF0	0000	3
		_TMR0_StartTimer		CODE           	6BE6	0000	5
		_TMR0_ISR      		CODE           	6A42	0000	41
		_TMR0_Initialize		CODE           	69D4	0000	57

mcc_generated_files/tmr0.c estimated size: 122

mcc_generated_files/pin_manager.c
		_PIN_MANAGER_Initialize		CODE           	6A0C	0000	55

mcc_generated_files/pin_manager.c estimated size: 55

F:\Microchip\XC8\pic\sources\c99\common\awmod.c
		___awmod       		CODE           	6746	0000	113

F:\Microchip\XC8\pic\sources\c99\common\awmod.c estimated size: 113

F:\Microchip\XC8\pic\sources\c99\common\xxtofl.c
		___xxtofl      		CODE           	5C5A	0000	321

F:\Microchip\XC8\pic\sources\c99\common\xxtofl.c estimated size: 321

mcc_generated_files/ecan.c
		_CAN_receive   		CODE           	58EC	0000	551
		_ECAN_Initialize		CODE           	640A	0000	163
		_convertReg2ExtendedCANid		CODE           	5B12	0000	329
		_convertReg2StandardCANid		CODE           	65C4	0000	135

mcc_generated_files/ecan.c estimated size: 1178

mcc_generated_files/spi.c
		_SPI_Exchange8bit		CODE           	6B8A	0000	17
		_SPI_Initialize		CODE           	6BAA	0000	15

mcc_generated_files/spi.c estimated size: 32

F:\Microchip\XC8\pic\sources\c99\common\strlen.c
		_strlen        		CODE           	68A0	0000	65

F:\Microchip\XC8\pic\sources\c99\common\strlen.c estimated size: 65

shared
		__initialization		CODE           	685E	0000	57

shared estimated size: 57

mcc_generated_files/mcc.c
		_OSCILLATOR_Initialize		CODE           	6B78	0000	19
		_SYSTEM_Initialize		CODE           	6AD6	0000	31

mcc_generated_files/mcc.c estimated size: 50

mcc_generated_files/tmr1.c
		_TMR1_Initialize		CODE           	695E	0000	61
		_TMR1_SetInterruptHandler		CODE           	6BC2	0000	11
		_TMR1_Reload   		CODE           	6BB8	0000	11
		_TMR1_DefaultInterruptHandler		CODE           	6BEE	0000	3
		_TMR1_CallBack 		CODE           	6AF4	0000	31
		_TMR1_StartTimer		CODE           	6BE2	0000	5
		_TMR1_ISR      		CODE           	6B9A	0000	17

mcc_generated_files/tmr1.c estimated size: 139

display.c
		_display       		CODE           	653E	0000	135
		_display_tp    		CODE           	6306	0000	261
		_display_end   		CODE           	6818	0000	71
		_display_etc   		CODE           	1F74	0000	1793
		_display_rpm   		CODE           	3302	0000	1483
		_display_bspd  		CODE           	4900	0000	971
		_display_gear  		CODE           	4416	0000	1259
		_display_speed 		CODE           	60EA	0000	281
		_display_grids 		CODE           	3E88	0000	1423
		_display_start 		CODE           	6920	0000	63
		_display_labels		CODE           	0F9E	0000	4055
		_display_status		CODE           	2674	0000	1721
		_display_waterTemp		CODE           	5FD2	0000	281
		_display_bottom_section		CODE           	64AC	0000	147
		_display_laptime		CODE           	2D2C	0000	1495
		_display_oilTemp		CODE           	6202	0000	261
		_display_gasPres		CODE           	502C	0000	847
		_display_fuel_level		CODE           	5678	0000	629
		_display_brake_bias		CODE           	5EBA	0000	281
		_display_battery		CODE           	4CCA	0000	867

display.c estimated size: 18324

F:\Microchip\XC8\pic\sources\c99\common\awdiv.c
		___awdiv       		CODE           	664A	0000	133

F:\Microchip\XC8\pic\sources\c99\common\awdiv.c estimated size: 133

F:\Microchip\XC8\pic\sources\c99\common\Umul16.c
		___wmul        		CODE           	6A6A	0000	39

F:\Microchip\XC8\pic\sources\c99\common\Umul16.c estimated size: 39

main.c
		_refresh       		CODE           	6BD6	0000	9
		_main          		CODE           	38CC	0000	1469
		_wait2secs     		CODE           	6B2E	0000	27

main.c estimated size: 1505

F:\Microchip\XC8\pic\sources\c99\common\flge.c
		___flge        		CODE           	5D9A	0000	289

F:\Microchip\XC8\pic\sources\c99\common\flge.c estimated size: 289

FT800.c
		_wr8s          		CODE           	66CE	0000	121
		_rd16          		CODE           	699A	0000	59
		_wr8           		CODE           	6AB6	0000	33
		_cmd_incrementn		CODE           	6B12	0000	29
		_wr32          		CODE           	67B6	0000	99
		_host_command  		CODE           	6B48	0000	27
		_FT800_Init    		CODE           	537A	0000	767
		_wr16          		CODE           	6A90	0000	39
		_cmd           		CODE           	68E0	0000	65

FT800.c estimated size: 1239

