Microchip MPLAB XC8 Compiler V2.00 ()

Linker command line:

-W-3 --edf=F:\Microchip\XC8\pic\dat\en_msgs.txt -cs \
  -h+dist/default/production\rear_G_sensor.X.production.sym \
  --cmf=dist/default/production\rear_G_sensor.X.production.cmf -z \
  -Q18F25K80 -oC:\Users\haoye\AppData\Local\Temp\sqjo.2 \
  --defsym=__MPLAB_BUILD=1 \
  -Mdist/default/production/rear_G_sensor.X.production.map -E1 -ver=XC8 \
  --acfsm=1493 -ASTACK=099h-0e40h -pstack=STACK -ACODE=00h-07FFFh \
  -ACONST=00h-07FFFh -ASMALLCONST=0F00h-0FFFhx113 \
  -AMEDIUMCONST=0F00h-07FFFh -ACOMRAM=01h-05Fh -AABS1=00h-0E40h \
  -ABIGRAM=01h-0E40h -ARAM=060h-0FFh,0100h-01FFhx13,0E00h-0E40h \
  -ABANK0=060h-0FFh -ABANK1=0100h-01FFh -ABANK2=0200h-02FFh \
  -ABANK3=0300h-03FFh -ABANK4=0400h-04FFh -ABANK5=0500h-05FFh \
  -ABANK6=0600h-06FFh -ABANK7=0700h-07FFh -ABANK8=0800h-08FFh \
  -ABANK9=0900h-09FFh -ABANK10=0A00h-0AFFh -ABANK11=0B00h-0BFFh \
  -ABANK12=0C00h-0CFFh -ABANK13=0D00h-0DFFh -ABANK14=0E00h-0E40h \
  -ASFR=0E41h-0EFFh,0F00h-0F5Fh,0F60h-0FFFh \
  -preset_vec=00h,intcode=08h,intcodelo,powerup,init -pramtop=0F00h \
  -psmallconst=SMALLCONST -pmediumconst=MEDIUMCONST -pconst=CONST \
  -AFARRAM=00h-00h -ACONFIG=0300000h-030000Dh -pconfig=CONFIG \
  -AIDLOC=0200000h-0200007h -pidloc=IDLOC -AEEDATA=0F00000h-0F003FFh \
  -peeprom_data=EEDATA \
  -prdata=COMRAM,nvrram=COMRAM,nvbit=COMRAM,rbss=COMRAM,rbit=COMRAM \
  -pfarbss=FARRAM,fardata=FARRAM,nvFARRAM=FARRAM \
  -pintsave_regs=BIGRAM,bigbss=BIGRAM,bigdata=BIGRAM -pbss=RAM \
  -pidata=CODE,irdata=CODE,ibigdata=CODE,ifardata=CODE -prparam=COMRAM \
  C:\Users\haoye\AppData\Local\Temp\sqjo.o \
  dist/default/production\rear_G_sensor.X.production.o 

Object code version is 3.11

Machine type is 18F25K80

Call graph: (short form)




                Name                               Link     Load   Length Selector   Space Scale
C:\Users\haoye\AppData\Local\Temp\sqjo.o
                init                                 54       54        4        4       0
                reset_vec                             0        0        4        0       0
                idloc                            200000   200000        8   200000       0
                config                           300000   300000        E   300000       0
dist/default/production\rear_G_sensor.X.production.o
                intcode                               8        8       4C        4       0
                temp                                 34       34        1        1       1
                text25                              AFC      AFC        8        4       0
                text24                              96E      96E       32        4       0
                text23                              AF4      AF4        8        4       0
                text21                              9FC      9FC       2E        4       0
                text20                              AEC      AEC        8        4       0
                text19                              AE4      AE4        8        4       0
                text18                              AC6      AC6        C        4       0
                text17                              82C      82C       CE        4       0
                text16                              5A4      5A4      1B2        4       0
                text15                               58       58      336        4       0
                text14                              8FA      8FA       74        4       0
                text13                              756      756       D6        4       0
                text12                              9CE      9CE       2E        4       0
                text11                              B12      B12        4        4       0
                text10                              AB4      AB4       12        4       0
                text9                               A50      A50       24        4       0
                text8                               B0E      B0E        4        4       0
                text7                               9A0      9A0       2E        4       0
                text6                               AD2      AD2        A        4       0
                text5                               B0A      B0A        4        4       0
                text4                               A74      A74       22        4       0
                text3                               A96      A96       1E        4       0
                text2                               B04      B04        6        4       0
                text1                               ADC      ADC        8        4       0
                text0                               38E      38E      216        4       0
                cstackCOMRAM                          1        1       1B        1       1
                cstackBANK0                          60       60       2A       60       1
                bssBANK0                             8A       8A        F       60       1
                bssCOMRAM                            1C       1C       14        1       1
                cinit                               A2A      A2A       26        4       0
                nvCOMRAM                             30       30        4        1       1

TOTAL           Name                               Link     Load   Length     Space
        CLASS   STACK          

        CLASS   CODE           
                intcode                               8        8       4C         0
                init                                 54       54        4         0
                reset_vec                             0        0        4         0
                text25                              AFC      AFC        8         0
                text24                              96E      96E       32         0
                text23                              AF4      AF4        8         0
                text21                              9FC      9FC       2E         0
                text20                              AEC      AEC        8         0
                text19                              AE4      AE4        8         0
                text18                              AC6      AC6        C         0
                text17                              82C      82C       CE         0
                text16                              5A4      5A4      1B2         0
                text15                               58       58      336         0
                text14                              8FA      8FA       74         0
                text13                              756      756       D6         0
                text12                              9CE      9CE       2E         0
                text11                              B12      B12        4         0
                text10                              AB4      AB4       12         0
                text9                               A50      A50       24         0
                text8                               B0E      B0E        4         0
                text7                               9A0      9A0       2E         0
                text6                               AD2      AD2        A         0
                text5                               B0A      B0A        4         0
                text4                               A74      A74       22         0
                text3                               A96      A96       1E         0
                text2                               B04      B04        6         0
                text1                               ADC      ADC        8         0
                text0                               38E      38E      216         0
                cinit                               A2A      A2A       26         0

        CLASS   CONST          

        CLASS   SMALLCONST     

        CLASS   MEDIUMCONST    

        CLASS   COMRAM         
                temp                                 34       34        1         1
                cstackCOMRAM                          1        1       1B         1
                bssCOMRAM                            1C       1C       14         1
                nvCOMRAM                             30       30        4         1

        CLASS   ABS1           

        CLASS   BIGRAM         

        CLASS   RAM            

        CLASS   BANK0          
                cstackBANK0                          60       60       2A         1
                bssBANK0                             8A       8A        F         1

        CLASS   BANK1          

        CLASS   BANK2          

        CLASS   BANK3          

        CLASS   BANK4          

        CLASS   BANK5          

        CLASS   BANK6          

        CLASS   BANK7          

        CLASS   BANK8          

        CLASS   BANK9          

        CLASS   BANK10         

        CLASS   BANK11         

        CLASS   BANK12         

        CLASS   BANK13         

        CLASS   BANK14         

        CLASS   SFR            

        CLASS   FARRAM         

        CLASS   CONFIG         
                config                           300000   300000        E         0

        CLASS   IDLOC          
                idloc                            200000   200000        8         0

        CLASS   EEDATA         



SEGMENTS        Name                           Load    Length   Top    Selector   Space  Class

                reset_vec                      000000  000004  000004         0       0  CODE    
                cstackCOMRAM                   000001  000034  000035         1       1  COMRAM  
                intcode                        000008  000B0E  000B16         4       0  CODE    
                cstackBANK0                    000060  000039  000099        60       1  BANK0   
                idloc                          200000  000008  200008    200000       0  IDLOC   
                config                         300000  00000E  30000E    300000       0  CONFIG  


UNUSED ADDRESS RANGES

        Name                Unused          Largest block    Delta
        BANK0            000099-0000FF               67
        BANK1            000100-0001FF              100
        BANK10           000A00-000AFF              100
        BANK11           000B00-000BFF              100
        BANK12           000C00-000CFF              100
        BANK13           000D00-000DFF              100
        BANK14           000E00-000E40               41
        BANK2            000200-0002FF              100
        BANK3            000300-0003FF              100
        BANK4            000400-0004FF              100
        BANK5            000500-0005FF              100
        BANK6            000600-0006FF              100
        BANK7            000700-0007FF              100
        BANK8            000800-0008FF              100
        BANK9            000900-0009FF              100
        BIGRAM           000035-00005F               2B
                         000099-000E40              DA8
        CODE             000004-000007                4
                         000B16-007FFF             74EA
        COMRAM           000035-00005F               2B
        CONST            000004-000007                4
                         000B16-007FFF             74EA
        EEDATA           F00000-F003FF              400
        MEDIUMCONST      000F00-007FFF             7100
        RAM              000099-000E40              100
        SFR              000E41-000FFF               BF
        SMALLCONST       000F00-007FFF              100
        STACK            000099-000E40              DA8

                                  Symbol Table

CAN_transmit@returnValue                  cstackCOMRAM 000017
CAN_transmit@tempCanMsg                   cstackCOMRAM 000015
CAN_transmit@tempEIDH                     cstackCOMRAM 000018
CAN_transmit@tempEIDL                     cstackCOMRAM 000019
CAN_transmit@tempSIDH                     cstackCOMRAM 00001A
CAN_transmit@tempSIDL                     cstackCOMRAM 00001B
I2C_ISR@i2c_10bit_address_restart         bssCOMRAM    00002A
I2C_ISR@i2c_address                       bssCOMRAM    00002E
I2C_ISR@i2c_bytes_left                    bssCOMRAM    00002B
I2C_ISR@pi2c_buf_ptr                      bssCOMRAM    000023
I2C_MasterRead@trBlock                    bssBANK0     00008A
I2C_MasterWrite@trBlock                   bssBANK0     00008F
I2C_Master_Read@a                         cstackCOMRAM 000004
I2C_Master_Read@data                      cstackCOMRAM 000006
I2C_Master_Read@i                         cstackCOMRAM 00000A
I2C_Master_Write@d                        cstackCOMRAM 000004
TMR2_SetInterruptHandler@InterruptHandler cstackCOMRAM 000003
_ACKDT                                    (abs)        007E2D
_ACKEN                                    (abs)        007E2C
_ANCON0                                   (abs)        000F5D
_ANCON1                                   (abs)        000F5C
_BNO055Initialize                         text17       00082C
_BRGCON1                                  (abs)        000E43
_BRGCON2                                  (abs)        000E44
_BRGCON3                                  (abs)        000E45
_CANCON                                   (abs)        000F6F
_CANSTAT                                  (abs)        000F6E
_CAN_transmit                             text15       000058
_CIOCONbits                               (abs)        000F70
_COMSTATbits                              (abs)        000F71
_ECANCON                                  (abs)        000F72
_ECAN_Initialize                          text13       000756
_I2C_Initialize                           text12       0009CE
_I2C_Master_Read                          text14       0008FA
_I2C_Master_Start                         text20       000AEC
_I2C_Master_Stop                          text19       000AE4
_I2C_Master_Wait                          text21       0009FC
_I2C_Master_Write                         text18       000AC6
_INTCONbits                               (abs)        000FF2
_INTERRUPT_Initialize                     text11       000B12
_INTERRUPT_InterruptManager               intcode      000008
_LATA                                     (abs)        000F89
_LATB                                     (abs)        000F8A
_LATC                                     (abs)        000F8B
_OSCCON                                   (abs)        000FD3
_OSCCON2                                  (abs)        000FD2
_OSCILLATOR_Initialize                    text10       000AB4
_OSCTUNE                                  (abs)        000F9B
_PEN                                      (abs)        007E2A
_PIE1bits                                 (abs)        000F9D
_PIE5bits                                 (abs)        000F76
_PIN_MANAGER_Initialize                   text9        000A50
_PIR1bits                                 (abs)        000F9E
_PIR5bits                                 (abs)        000F77
_PR2                                      (abs)        000FCB
_RCEN                                     (abs)        007E2B
_RCONbits                                 (abs)        000FD0
_REFOCON                                  (abs)        000F9A
_RSEN                                     (abs)        007E29
_RXB0CONbits                              (abs)        000F60
_RXB0D0                                   (abs)        000F66
_RXB0D1                                   (abs)        000F67
_RXB0D2                                   (abs)        000F68
_RXB0D3                                   (abs)        000F69
_RXB0D4                                   (abs)        000F6A
_RXB0D5                                   (abs)        000F6B
_RXB0D6                                   (abs)        000F6C
_RXB0D7                                   (abs)        000F6D
_RXB0DLC                                  (abs)        000F65
_RXB0EIDH                                 (abs)        000F63
_RXB0EIDL                                 (abs)        000F64
_RXB0SIDH                                 (abs)        000F61
_RXB0SIDL                                 (abs)        000F62
_RXB1CONbits                              (abs)        000F30
_RXB1D0                                   (abs)        000F36
_RXB1D1                                   (abs)        000F37
_RXB1D2                                   (abs)        000F38
_RXB1D3                                   (abs)        000F39
_RXB1D4                                   (abs)        000F3A
_RXB1D5                                   (abs)        000F3B
_RXB1D6                                   (abs)        000F3C
_RXB1D7                                   (abs)        000F3D
_RXB1DLC                                  (abs)        000F35
_RXB1EIDH                                 (abs)        000F33
_RXB1EIDL                                 (abs)        000F34
_RXB1SIDH                                 (abs)        000F31
_RXB1SIDL                                 (abs)        000F32
_RXF0EIDH                                 (abs)        000EE2
_RXF0EIDL                                 (abs)        000EE3
_RXF0SIDH                                 (abs)        000EE0
_RXF0SIDL                                 (abs)        000EE1
_RXF1EIDH                                 (abs)        000EE6
_RXF1EIDL                                 (abs)        000EE7
_RXF1SIDH                                 (abs)        000EE4
_RXF1SIDL                                 (abs)        000EE5
_RXF2EIDH                                 (abs)        000EEA
_RXF2EIDL                                 (abs)        000EEB
_RXF2SIDH                                 (abs)        000EE8
_RXF2SIDL                                 (abs)        000EE9
_RXF3EIDH                                 (abs)        000EEE
_RXF3EIDL                                 (abs)        000EEF
_RXF3SIDH                                 (abs)        000EEC
_RXF3SIDL                                 (abs)        000EED
_RXF4EIDH                                 (abs)        000EF2
_RXF4EIDL                                 (abs)        000EF3
_RXF4SIDH                                 (abs)        000EF0
_RXF4SIDL                                 (abs)        000EF1
_RXF5EIDH                                 (abs)        000EF6
_RXF5EIDL                                 (abs)        000EF7
_RXF5SIDH                                 (abs)        000EF4
_RXF5SIDL                                 (abs)        000EF5
_RXM0EIDH                                 (abs)        000EFA
_RXM0EIDL                                 (abs)        000EFB
_RXM0SIDH                                 (abs)        000EF8
_RXM0SIDL                                 (abs)        000EF9
_RXM1EIDH                                 (abs)        000EFE
_RXM1EIDL                                 (abs)        000EFF
_RXM1SIDH                                 (abs)        000EFC
_RXM1SIDL                                 (abs)        000EFD
_SEN                                      (abs)        007E28
_SSPADD                                   (abs)        000FC8
_SSPBUF                                   (abs)        000FC9
_SSPCON1                                  (abs)        000FC6
_SSPCON1bits                              (abs)        000FC6
_SSPCON2                                  (abs)        000FC5
_SSPCON2bits                              (abs)        000FC5
_SSPSTAT                                  (abs)        000FC7
_SYSTEM_Initialize                        text3        000A96
_T1CON                                    (abs)        000FCD
_T1CONbits                                (abs)        000FCD
_T1GCON                                   (abs)        000FAA
_T1GCONbits                               (abs)        000FAA
_T2CON                                    (abs)        000FCA
_T2CONbits                                (abs)        000FCA
_TMR1H                                    (abs)        000FCF
_TMR1L                                    (abs)        000FCE
_TMR1_Initialize                          text7        0009A0
_TMR1_StartTimer                          text8        000B0E
_TMR2                                     (abs)        000FCC
_TMR2_CallBack                            text24       00096E
_TMR2_ClearTransmit                       text2        000B04
_TMR2_DefaultInterruptHandler             text25       000AFC
_TMR2_GetTransmit                         text1        000ADC
_TMR2_ISR                                 text23       000AF4
_TMR2_Initialize                          text4        000A74
_TMR2_InterruptHandler                    nvCOMRAM     000032
_TMR2_SetInterruptHandler                 text6        000AD2
_TMR2_StartTimer                          text5        000B0A
_TRISA                                    (abs)        000F92
_TRISB                                    (abs)        000F93
_TRISC                                    (abs)        000F94
_TXB0CONbits                              (abs)        000F20
_TXB0D0                                   (abs)        000F26
_TXB0D1                                   (abs)        000F27
_TXB0D2                                   (abs)        000F28
_TXB0D3                                   (abs)        000F29
_TXB0D4                                   (abs)        000F2A
_TXB0D5                                   (abs)        000F2B
_TXB0D6                                   (abs)        000F2C
_TXB0D7                                   (abs)        000F2D
_TXB0DLC                                  (abs)        000F25
_TXB0EIDH                                 (abs)        000F23
_TXB0EIDL                                 (abs)        000F24
_TXB0SIDH                                 (abs)        000F21
_TXB0SIDL                                 (abs)        000F22
_TXB1CONbits                              (abs)        000F10
_TXB1D0                                   (abs)        000F16
_TXB1D1                                   (abs)        000F17
_TXB1D2                                   (abs)        000F18
_TXB1D3                                   (abs)        000F19
_TXB1D4                                   (abs)        000F1A
_TXB1D5                                   (abs)        000F1B
_TXB1D6                                   (abs)        000F1C
_TXB1D7                                   (abs)        000F1D
_TXB1DLC                                  (abs)        000F15
_TXB1EIDH                                 (abs)        000F13
_TXB1EIDL                                 (abs)        000F14
_TXB1SIDH                                 (abs)        000F11
_TXB1SIDL                                 (abs)        000F12
_TXB2CONbits                              (abs)        000F00
_TXB2D0                                   (abs)        000F06
_TXB2D1                                   (abs)        000F07
_TXB2D2                                   (abs)        000F08
_TXB2D3                                   (abs)        000F09
_TXB2D4                                   (abs)        000F0A
_TXB2D5                                   (abs)        000F0B
_TXB2D6                                   (abs)        000F0C
_TXB2D7                                   (abs)        000F0D
_TXB2DLC                                  (abs)        000F05
_TXB2EIDH                                 (abs)        000F03
_TXB2EIDL                                 (abs)        000F04
_TXB2SIDH                                 (abs)        000F01
_TXB2SIDL                                 (abs)        000F02
_WPUB                                     (abs)        000F5B
__CFG_BBSIZ$BB2K                          (abs)        000000
__CFG_BOREN$SBORDIS                       (abs)        000000
__CFG_BORPWR$ZPBORMV                      (abs)        000000
__CFG_BORV$3                              (abs)        000000
__CFG_CANMX$PORTC                         (abs)        000000
__CFG_CP0$OFF                             (abs)        000000
__CFG_CP1$OFF                             (abs)        000000
__CFG_CP2$OFF                             (abs)        000000
__CFG_CP3$OFF                             (abs)        000000
__CFG_CPB$OFF                             (abs)        000000
__CFG_CPD$OFF                             (abs)        000000
__CFG_EBTR0$OFF                           (abs)        000000
__CFG_EBTR1$OFF                           (abs)        000000
__CFG_EBTR2$OFF                           (abs)        000000
__CFG_EBTR3$OFF                           (abs)        000000
__CFG_EBTRB$OFF                           (abs)        000000
__CFG_FCMEN$OFF                           (abs)        000000
__CFG_FOSC$INTIO2                         (abs)        000000
__CFG_IESO$OFF                            (abs)        000000
__CFG_INTOSCSEL$HIGH                      (abs)        000000
__CFG_MCLRE$ON                            (abs)        000000
__CFG_MSSPMSK$MSK7                        (abs)        000000
__CFG_PLLCFG$OFF                          (abs)        000000
__CFG_PWRTEN$OFF                          (abs)        000000
__CFG_RETEN$OFF                           (abs)        000000
__CFG_SOSCSEL$DIG                         (abs)        000000
__CFG_STVREN$ON                           (abs)        000000
__CFG_WDTEN$OFF                           (abs)        000000
__CFG_WDTPS$1048576                       (abs)        000000
__CFG_WRT0$OFF                            (abs)        000000
__CFG_WRT1$OFF                            (abs)        000000
__CFG_WRT2$OFF                            (abs)        000000
__CFG_WRT3$OFF                            (abs)        000000
__CFG_WRTB$OFF                            (abs)        000000
__CFG_WRTC$OFF                            (abs)        000000
__CFG_WRTD$OFF                            (abs)        000000
__CFG_XINST$OFF                           (abs)        000000
__HRAM                                    (abs)        000000
__Habs1                                   abs1         000000
__Hbank0                                  bank0        000000
__Hbank1                                  bank1        000000
__Hbank10                                 bank10       000000
__Hbank11                                 bank11       000000
__Hbank12                                 bank12       000000
__Hbank13                                 bank13       000000
__Hbank14                                 bank14       000000
__Hbank2                                  bank2        000000
__Hbank3                                  bank3        000000
__Hbank4                                  bank4        000000
__Hbank5                                  bank5        000000
__Hbank6                                  bank6        000000
__Hbank7                                  bank7        000000
__Hbank8                                  bank8        000000
__Hbank9                                  bank9        000000
__Hbigbss                                 bigbss       000000
__Hbigdata                                bigdata      000000
__Hbigram                                 bigram       000000
__Hbss                                    bss          000000
__HbssBANK0                               bssBANK0     000000
__HbssCOMRAM                              bssCOMRAM    000000
__Hcinit                                  cinit        000000
__Hclrtext                                clrtext      000000
__Hcomram                                 comram       000000
__Hconfig                                 config       30000E
__Hconst                                  const        000000
__HcstackBANK0                            cstackBANK0  000000
__HcstackCOMRAM                           cstackCOMRAM 000000
__Hdata                                   data         000000
__Heeprom_data                            eeprom_data  000000
__Hfarbss                                 farbss       000000
__Hfardata                                fardata      000000
__Hibigdata                               ibigdata     000000
__Hidata                                  idata        000000
__Hidloc                                  idloc        200008
__Hifardata                               ifardata     000000
__Hinit                                   init         000058
__Hintcode                                intcode      000054
__Hintcode_body                           intcode_body 000000
__Hintcodelo                              intcodelo    000054
__Hintentry                               intentry     000000
__Hintret                                 intret       000000
__Hintsave_regs                           intsave_regs 000000
__Hirdata                                 irdata       000000
__Hmediumconst                            mediumconst  000000
__HnvCOMRAM                               nvCOMRAM     000000
__HnvFARRAM                               nvFARRAM     000000
__Hnvbit                                  nvbit        000000
__Hnvrram                                 nvrram       000000
__Hparam                                  rparam       000000
__Hpowerup                                powerup      000054
__Hram                                    ram          000000
__Hramtop                                 ramtop       000F00
__Hrbit                                   rbit         000000
__Hrbss                                   rbss         000000
__Hrdata                                  rdata        000000
__Hreset_vec                              reset_vec    000004
__Hrparam                                 rparam       000000
__Hsfr                                    sfr          000000
__Hsmallconst                             smallconst   000000
__Hspace_0                                (abs)        30000E
__Hspace_1                                (abs)        000099
__Hspace_2                                (abs)        000000
__Hstack                                  stack        000000
__Hstruct                                 struct       000000
__Htemp                                   temp         000035
__Htext                                   text         000000
__Htext0                                  text0        000000
__Htext1                                  text1        000000
__Htext10                                 text10       000000
__Htext11                                 text11       000000
__Htext12                                 text12       000000
__Htext13                                 text13       000000
__Htext14                                 text14       000000
__Htext15                                 text15       000000
__Htext16                                 text16       000000
__Htext17                                 text17       000000
__Htext18                                 text18       000000
__Htext19                                 text19       000000
__Htext2                                  text2        000000
__Htext20                                 text20       000000
__Htext21                                 text21       000000
__Htext23                                 text23       000000
__Htext24                                 text24       000000
__Htext25                                 text25       000000
__Htext26                                 text26       000000
__Htext3                                  text3        000000
__Htext4                                  text4        000000
__Htext5                                  text5        000000
__Htext6                                  text6        000000
__Htext7                                  text7        000000
__Htext8                                  text8        000000
__Htext9                                  text9        000000
__LRAM                                    (abs)        000001
__Labs1                                   abs1         000000
__Lbank0                                  bank0        000000
__Lbank1                                  bank1        000000
__Lbank10                                 bank10       000000
__Lbank11                                 bank11       000000
__Lbank12                                 bank12       000000
__Lbank13                                 bank13       000000
__Lbank14                                 bank14       000000
__Lbank2                                  bank2        000000
__Lbank3                                  bank3        000000
__Lbank4                                  bank4        000000
__Lbank5                                  bank5        000000
__Lbank6                                  bank6        000000
__Lbank7                                  bank7        000000
__Lbank8                                  bank8        000000
__Lbank9                                  bank9        000000
__Lbigbss                                 bigbss       000000
__Lbigdata                                bigdata      000000
__Lbigram                                 bigram       000000
__Lbss                                    bss          000000
__LbssBANK0                               bssBANK0     000000
__LbssCOMRAM                              bssCOMRAM    000000
__Lcinit                                  cinit        000000
__Lclrtext                                clrtext      000000
__Lcomram                                 comram       000000
__Lconfig                                 config       300000
__Lconst                                  const        000000
__LcstackBANK0                            cstackBANK0  000000
__LcstackCOMRAM                           cstackCOMRAM 000000
__Ldata                                   data         000000
__Leeprom_data                            eeprom_data  000000
__Lfarbss                                 farbss       000000
__Lfardata                                fardata      000000
__Libigdata                               ibigdata     000000
__Lidata                                  idata        000000
__Lidloc                                  idloc        200000
__Lifardata                               ifardata     000000
__Linit                                   init         000054
__Lintcode                                intcode      000008
__Lintcode_body                           intcode_body 000000
__Lintcodelo                              intcodelo    000054
__Lintentry                               intentry     000000
__Lintret                                 intret       000000
__Lintsave_regs                           intsave_regs 000000
__Lirdata                                 irdata       000000
__Lmediumconst                            mediumconst  000000
__LnvCOMRAM                               nvCOMRAM     000000
__LnvFARRAM                               nvFARRAM     000000
__Lnvbit                                  nvbit        000000
__Lnvrram                                 nvrram       000000
__Lparam                                  rparam       000000
__Lpowerup                                powerup      000054
__Lram                                    ram          000000
__Lramtop                                 ramtop       000F00
__Lrbit                                   rbit         000000
__Lrbss                                   rbss         000000
__Lrdata                                  rdata        000000
__Lreset_vec                              reset_vec    000000
__Lrparam                                 rparam       000000
__Lsfr                                    sfr          000000
__Lsmallconst                             smallconst   000000
__Lspace_0                                (abs)        000000
__Lspace_1                                (abs)        000000
__Lspace_2                                (abs)        000000
__Lstack                                  stack        000000
__Lstruct                                 struct       000000
__Ltemp                                   temp         000034
__Ltext                                   text         000000
__Ltext0                                  text0        000000
__Ltext1                                  text1        000000
__Ltext10                                 text10       000000
__Ltext11                                 text11       000000
__Ltext12                                 text12       000000
__Ltext13                                 text13       000000
__Ltext14                                 text14       000000
__Ltext15                                 text15       000000
__Ltext16                                 text16       000000
__Ltext17                                 text17       000000
__Ltext18                                 text18       000000
__Ltext19                                 text19       000000
__Ltext2                                  text2        000000
__Ltext20                                 text20       000000
__Ltext21                                 text21       000000
__Ltext23                                 text23       000000
__Ltext24                                 text24       000000
__Ltext25                                 text25       000000
__Ltext26                                 text26       000000
__Ltext3                                  text3        000000
__Ltext4                                  text4        000000
__Ltext5                                  text5        000000
__Ltext6                                  text6        000000
__Ltext7                                  text7        000000
__Ltext8                                  text8        000000
__Ltext9                                  text9        000000
__S0                                      (abs)        30000E
__S1                                      (abs)        000099
__S2                                      (abs)        000000
___inthi_sp                               stack        000000
___intlo_sp                               stack        000000
___param_bank                             (abs)        000000
___rparam_used                            (abs)        000001
___sp                                     stack        000000
__accesstop                               (abs)        000060
__activetblptr                            (abs)        000002
__end_of_BNO055Initialize                 text17       0008FA
__end_of_CAN_transmit                     text15       00038E
__end_of_ECAN_Initialize                  text13       00082C
__end_of_I2C_Initialize                   text12       0009FC
__end_of_I2C_Master_Read                  text14       00096E
__end_of_I2C_Master_Start                 text20       000AF4
__end_of_I2C_Master_Stop                  text19       000AEC
__end_of_I2C_Master_Wait                  text21       000A2A
__end_of_I2C_Master_Write                 text18       000AD2
__end_of_INTERRUPT_Initialize             text11       000B16
__end_of_INTERRUPT_InterruptManager       intcode      000054
__end_of_OSCILLATOR_Initialize            text10       000AC6
__end_of_PIN_MANAGER_Initialize           text9        000A74
__end_of_SYSTEM_Initialize                text3        000AB4
__end_of_TMR1_Initialize                  text7        0009CE
__end_of_TMR1_StartTimer                  text8        000B12
__end_of_TMR2_CallBack                    text24       0009A0
__end_of_TMR2_ClearTransmit               text2        000B0A
__end_of_TMR2_DefaultInterruptHandler     text25       000B04
__end_of_TMR2_GetTransmit                 text1        000AE4
__end_of_TMR2_ISR                         text23       000AFC
__end_of_TMR2_Initialize                  text4        000A96
__end_of_TMR2_SetInterruptHandler         text6        000ADC
__end_of_TMR2_StartTimer                  text5        000B0E
__end_of__initialization                  cinit        000A42
__end_of_convertCANid2Reg                 text16       000756
__end_of_main                             text0        0005A4
__initialization                          cinit        000A2A
__mediumconst                             mediumconst  000000
__pbssBANK0                               bssBANK0     00008A
__pbssCOMRAM                              bssCOMRAM    00001C
__pcinit                                  cinit        000A2A
__pcstackBANK0                            cstackBANK0  000060
__pcstackCOMRAM                           cstackCOMRAM 000001
__pintcode                                intcode      000008
__pnvCOMRAM                               nvCOMRAM     000030
__ptext0                                  text0        00038E
__ptext1                                  text1        000ADC
__ptext10                                 text10       000AB4
__ptext11                                 text11       000B12
__ptext12                                 text12       0009CE
__ptext13                                 text13       000756
__ptext14                                 text14       0008FA
__ptext15                                 text15       000058
__ptext16                                 text16       0005A4
__ptext17                                 text17       00082C
__ptext18                                 text18       000AC6
__ptext19                                 text19       000AE4
__ptext2                                  text2        000B04
__ptext20                                 text20       000AEC
__ptext21                                 text21       0009FC
__ptext23                                 text23       000AF4
__ptext24                                 text24       00096E
__ptext25                                 text25       000AFC
__ptext26                                 text26       000000
__ptext3                                  text3        000A96
__ptext4                                  text4        000A74
__ptext5                                  text5        000B0A
__ptext6                                  text6        000AD2
__ptext7                                  text7        0009A0
__ptext8                                  text8        000B0E
__ptext9                                  text9        000A50
__ramtop                                  ramtop       000F00
__size_of_BNO055Initialize                (abs)        000000
__size_of_CAN_transmit                    (abs)        000000
__size_of_ECAN_Initialize                 (abs)        000000
__size_of_I2C_Initialize                  (abs)        000000
__size_of_I2C_Master_Read                 (abs)        000000
__size_of_I2C_Master_Start                (abs)        000000
__size_of_I2C_Master_Stop                 (abs)        000000
__size_of_I2C_Master_Wait                 (abs)        000000
__size_of_I2C_Master_Write                (abs)        000000
__size_of_INTERRUPT_Initialize            (abs)        000000
__size_of_INTERRUPT_InterruptManager      (abs)        000000
__size_of_OSCILLATOR_Initialize           (abs)        000000
__size_of_PIN_MANAGER_Initialize          (abs)        000000
__size_of_SYSTEM_Initialize               (abs)        000000
__size_of_TMR1_Initialize                 (abs)        000000
__size_of_TMR1_StartTimer                 (abs)        000000
__size_of_TMR2_CallBack                   (abs)        000000
__size_of_TMR2_ClearTransmit              (abs)        000000
__size_of_TMR2_DefaultInterruptHandler    (abs)        000000
__size_of_TMR2_GetTransmit                (abs)        000000
__size_of_TMR2_ISR                        (abs)        000000
__size_of_TMR2_Initialize                 (abs)        000000
__size_of_TMR2_SetInterruptHandler        (abs)        000000
__size_of_TMR2_StartTimer                 (abs)        000000
__size_of_convertCANid2Reg                (abs)        000000
__size_of_main                            (abs)        000000
__smallconst                              smallconst   000000
_convertCANid2Reg                         text16       0005A4
_i2c_object                               bssCOMRAM    00001C
_i2c_state                                bssCOMRAM    00002D
_i2c_tr_queue                             bssBANK0     000094
_i2c_trb_count                            bssCOMRAM    00002C
_main                                     text0        00038E
_p_i2c_current                            bssCOMRAM    000025
_p_i2c_trb_current                        bssCOMRAM    000027
_timer1ReloadVal                          nvCOMRAM     000030
_transmit                                 bssCOMRAM    000029
btemp                                     temp         000034
convertCANid2Reg@canIdType                cstackCOMRAM 000007
convertCANid2Reg@passedInEIDH             cstackCOMRAM 000008
convertCANid2Reg@passedInEIDL             cstackCOMRAM 00000A
convertCANid2Reg@passedInSIDH             cstackCOMRAM 00000C
convertCANid2Reg@passedInSIDL             cstackCOMRAM 00000E
convertCANid2Reg@tempPassedInID           cstackCOMRAM 000003
convertCANid2Reg@wipSIDL                  cstackCOMRAM 000014
end_of_initialization                     cinit        000A42
int$flags                                 temp         000034
intlevel0                                 text         000000
intlevel1                                 text         000000
intlevel2                                 text         000000
intlevel3                                 text         000000
main@BNO055_accel_data                    cstackBANK0  00006E
main@BNO055_gyro_data                     cstackBANK0  00007C
main@data                                 cstackBANK0  00006C
main@gyro_x_LSB                           cstackBANK0  000066
main@gyro_x_MSB                           cstackBANK0  000067
main@gyro_y_LSB                           cstackBANK0  000068
main@gyro_y_MSB                           cstackBANK0  000069
main@gyro_z_LSB                           cstackBANK0  00006A
main@gyro_z_MSB                           cstackBANK0  00006B
main@linear_accel_x_LSB                   cstackBANK0  000061
main@linear_accel_x_MSB                   cstackBANK0  000060
main@linear_accel_y_LSB                   cstackBANK0  000063
main@linear_accel_y_MSB                   cstackBANK0  000062
main@linear_accel_z_LSB                   cstackBANK0  000065
main@linear_accel_z_MSB                   cstackBANK0  000064
stackhi                                   (abs)        000E40
stacklo                                   (abs)        000099
start                                     init         000054
start_initialization                      cinit        000A2A
ttemp5                                    temp         000035
ttemp6                                    temp         000038
ttemp7                                    temp         00003C
wtemp8                                    temp         000035


FUNCTION INFORMATION:

 *************** function _main *****************
 Defined at:
		line 63 in file "main.c"
 Parameters:    Size  Location     Type
		None
 Auto vars:     Size  Location     Type
  BNO055_gyro_   14   28[BANK0 ] struct .
  BNO055_accel   14   14[BANK0 ] struct .
  writeBuffer     3    0        PTR unsigned char 
  data            2   12[BANK0 ] PTR unsigned char 
  gyro_z_MSB      1   11[BANK0 ] unsigned char 
  gyro_z_LSB      1   10[BANK0 ] unsigned char 
  gyro_y_MSB      1    9[BANK0 ] unsigned char 
  gyro_y_LSB      1    8[BANK0 ] unsigned char 
  gyro_x_MSB      1    7[BANK0 ] unsigned char 
  gyro_x_LSB      1    6[BANK0 ] unsigned char 
  linear_accel    1    5[BANK0 ] unsigned char 
  linear_accel    1    4[BANK0 ] unsigned char 
  linear_accel    1    3[BANK0 ] unsigned char 
  linear_accel    1    2[BANK0 ] unsigned char 
  linear_accel    1    1[BANK0 ] unsigned char 
  linear_accel    1    0[BANK0 ] unsigned char 
  BNO055_addre    1    0        unsigned char 
 Return value:  Size  Location     Type
                  1    wreg      void 
 Registers used:
		wreg, fsr2l, fsr2h, status,2, status,0, prodl, prodh, cstack
 Tracked objects:
		On entry : 
		On exit  : 
		Unchanged: 
 Data sizes:     COMRAM   BANK0   BANK1   BANK2   BANK3   BANK4   BANK5   BANK6   BANK7   BANK8   BANK9  BANK10  BANK11  BANK12  BANK13  BANK14
      Params:         0       0       0       0       0       0       0       0       0       0       0       0       0       0       0       0
      Locals:         0      42       0       0       0       0       0       0       0       0       0       0       0       0       0       0
      Temps:          0       0       0       0       0       0       0       0       0       0       0       0       0       0       0       0
      Totals:         0      42       0       0       0       0       0       0       0       0       0       0       0       0       0       0
Total ram usage:       42 bytes
 Hardware stack levels required when called:    7
 This function calls:
		_BNO055Initialize
		_CAN_transmit
		_I2C_Master_Read
		_I2C_Master_Start
		_I2C_Master_Stop
		_I2C_Master_Write
		_SYSTEM_Initialize
		_TMR2_ClearTransmit
		_TMR2_GetTransmit
 This function is called by:
		Startup code after reset
 This function uses a non-reentrant model


 *************** function _TMR2_GetTransmit *****************
 Defined at:
		line 155 in file "mcc_generated_files/tmr2.c"
 Parameters:    Size  Location     Type
		None
 Auto vars:     Size  Location     Type
		None
 Return value:  Size  Location     Type
                  1    wreg      unsigned char 
 Registers used:
		wreg, status,2
 Tracked objects:
		On entry : 
		On exit  : 
		Unchanged: 
 Data sizes:     COMRAM   BANK0   BANK1   BANK2   BANK3   BANK4   BANK5   BANK6   BANK7   BANK8   BANK9  BANK10  BANK11  BANK12  BANK13  BANK14
      Params:         0       0       0       0       0       0       0       0       0       0       0       0       0       0       0       0
      Locals:         0       0       0       0       0       0       0       0       0       0       0       0       0       0       0       0
      Temps:          0       0       0       0       0       0       0       0       0       0       0       0       0       0       0       0
      Totals:         0       0       0       0       0       0       0       0       0       0       0       0       0       0       0       0
Total ram usage:        0 bytes
 Hardware stack levels used:    1
 Hardware stack levels required when called:    4
 This function calls:
		Nothing
 This function is called by:
		_main
 This function uses a non-reentrant model


 *************** function _TMR2_ClearTransmit *****************
 Defined at:
		line 159 in file "mcc_generated_files/tmr2.c"
 Parameters:    Size  Location     Type
		None
 Auto vars:     Size  Location     Type
		None
 Return value:  Size  Location     Type
                  1    wreg      void 
 Registers used:
		wreg, status,2
 Tracked objects:
		On entry : 
		On exit  : 
		Unchanged: 
 Data sizes:     COMRAM   BANK0   BANK1   BANK2   BANK3   BANK4   BANK5   BANK6   BANK7   BANK8   BANK9  BANK10  BANK11  BANK12  BANK13  BANK14
      Params:         0       0       0       0       0       0       0       0       0       0       0       0       0       0       0       0
      Locals:         0       0       0       0       0       0       0       0       0       0       0       0       0       0       0       0
      Temps:          0       0       0       0       0       0       0       0       0       0       0       0       0       0       0       0
      Totals:         0       0       0       0       0       0       0       0       0       0       0       0       0       0       0       0
Total ram usage:        0 bytes
 Hardware stack levels used:    1
 Hardware stack levels required when called:    4
 This function calls:
		Nothing
 This function is called by:
		_main
 This function uses a non-reentrant model


 *************** function _SYSTEM_Initialize *****************
 Defined at:
		line 111 in file "mcc_generated_files/mcc.c"
 Parameters:    Size  Location     Type
		None
 Auto vars:     Size  Location     Type
		None
 Return value:  Size  Location     Type
                  1    wreg      void 
 Registers used:
		wreg, status,2, status,0, cstack
 Tracked objects:
		On entry : 
		On exit  : 
		Unchanged: 
 Data sizes:     COMRAM   BANK0   BANK1   BANK2   BANK3   BANK4   BANK5   BANK6   BANK7   BANK8   BANK9  BANK10  BANK11  BANK12  BANK13  BANK14
      Params:         0       0       0       0       0       0       0       0       0       0       0       0       0       0       0       0
      Locals:         0       0       0       0       0       0       0       0       0       0       0       0       0       0       0       0
      Temps:          0       0       0       0       0       0       0       0       0       0       0       0       0       0       0       0
      Totals:         0       0       0       0       0       0       0       0       0       0       0       0       0       0       0       0
Total ram usage:        0 bytes
 Hardware stack levels used:    1
 Hardware stack levels required when called:    6
 This function calls:
		_ECAN_Initialize
		_I2C_Initialize
		_INTERRUPT_Initialize
		_OSCILLATOR_Initialize
		_PIN_MANAGER_Initialize
		_TMR1_Initialize
		_TMR2_Initialize
 This function is called by:
		_main
 This function uses a non-reentrant model


 *************** function _TMR2_Initialize *****************
 Defined at:
		line 65 in file "mcc_generated_files/tmr2.c"
 Parameters:    Size  Location     Type
		None
 Auto vars:     Size  Location     Type
		None
 Return value:  Size  Location     Type
                  1    wreg      void 
 Registers used:
		wreg, status,2, status,0, cstack
 Tracked objects:
		On entry : 
		On exit  : 
		Unchanged: 
 Data sizes:     COMRAM   BANK0   BANK1   BANK2   BANK3   BANK4   BANK5   BANK6   BANK7   BANK8   BANK9  BANK10  BANK11  BANK12  BANK13  BANK14
      Params:         0       0       0       0       0       0       0       0       0       0       0       0       0       0       0       0
      Locals:         0       0       0       0       0       0       0       0       0       0       0       0       0       0       0       0
      Temps:          0       0       0       0       0       0       0       0       0       0       0       0       0       0       0       0
      Totals:         0       0       0       0       0       0       0       0       0       0       0       0       0       0       0       0
Total ram usage:        0 bytes
 Hardware stack levels used:    1
 Hardware stack levels required when called:    5
 This function calls:
		_TMR2_SetInterruptHandler
		_TMR2_StartTimer
 This function is called by:
		_SYSTEM_Initialize
 This function uses a non-reentrant model


 *************** function _TMR2_StartTimer *****************
 Defined at:
		line 91 in file "mcc_generated_files/tmr2.c"
 Parameters:    Size  Location     Type
		None
 Auto vars:     Size  Location     Type
		None
 Return value:  Size  Location     Type
                  1    wreg      void 
 Registers used:
		None
 Tracked objects:
		On entry : 
		On exit  : 
		Unchanged: 
 Data sizes:     COMRAM   BANK0   BANK1   BANK2   BANK3   BANK4   BANK5   BANK6   BANK7   BANK8   BANK9  BANK10  BANK11  BANK12  BANK13  BANK14
      Params:         0       0       0       0       0       0       0       0       0       0       0       0       0       0       0       0
      Locals:         0       0       0       0       0       0       0       0       0       0       0       0       0       0       0       0
      Temps:          0       0       0       0       0       0       0       0       0       0       0       0       0       0       0       0
      Totals:         0       0       0       0       0       0       0       0       0       0       0       0       0       0       0       0
Total ram usage:        0 bytes
 Hardware stack levels used:    1
 Hardware stack levels required when called:    4
 This function calls:
		Nothing
 This function is called by:
		_TMR2_Initialize
 This function uses a non-reentrant model


 *************** function _TMR2_SetInterruptHandler *****************
 Defined at:
		line 144 in file "mcc_generated_files/tmr2.c"
 Parameters:    Size  Location     Type
  InterruptHan    2    2[COMRAM] PTR FTN()void 
		 -> TMR2_DefaultInterruptHandler(1), 
 Auto vars:     Size  Location     Type
		None
 Return value:  Size  Location     Type
                  1    wreg      void 
 Registers used:
		wreg, status,2, status,0
 Tracked objects:
		On entry : 
		On exit  : 
		Unchanged: 
 Data sizes:     COMRAM   BANK0   BANK1   BANK2   BANK3   BANK4   BANK5   BANK6   BANK7   BANK8   BANK9  BANK10  BANK11  BANK12  BANK13  BANK14
      Params:         2       0       0       0       0       0       0       0       0       0       0       0       0       0       0       0
      Locals:         0       0       0       0       0       0       0       0       0       0       0       0       0       0       0       0
      Temps:          0       0       0       0       0       0       0       0       0       0       0       0       0       0       0       0
      Totals:         2       0       0       0       0       0       0       0       0       0       0       0       0       0       0       0
Total ram usage:        2 bytes
 Hardware stack levels used:    1
 Hardware stack levels required when called:    4
 This function calls:
		Nothing
 This function is called by:
		_TMR2_Initialize
 This function uses a non-reentrant model


 *************** function _TMR1_Initialize *****************
 Defined at:
		line 62 in file "mcc_generated_files/tmr1.c"
 Parameters:    Size  Location     Type
		None
 Auto vars:     Size  Location     Type
		None
 Return value:  Size  Location     Type
                  1    wreg      void 
 Registers used:
		wreg, status,2, status,0, cstack
 Tracked objects:
		On entry : 
		On exit  : 
		Unchanged: 
 Data sizes:     COMRAM   BANK0   BANK1   BANK2   BANK3   BANK4   BANK5   BANK6   BANK7   BANK8   BANK9  BANK10  BANK11  BANK12  BANK13  BANK14
      Params:         0       0       0       0       0       0       0       0       0       0       0       0       0       0       0       0
      Locals:         0       0       0       0       0       0       0       0       0       0       0       0       0       0       0       0
      Temps:          2       0       0       0       0       0       0       0       0       0       0       0       0       0       0       0
      Totals:         2       0       0       0       0       0       0       0       0       0       0       0       0       0       0       0
Total ram usage:        2 bytes
 Hardware stack levels used:    1
 Hardware stack levels required when called:    5
 This function calls:
		_TMR1_StartTimer
 This function is called by:
		_SYSTEM_Initialize
 This function uses a non-reentrant model


 *************** function _TMR1_StartTimer *****************
 Defined at:
		line 88 in file "mcc_generated_files/tmr1.c"
 Parameters:    Size  Location     Type
		None
 Auto vars:     Size  Location     Type
		None
 Return value:  Size  Location     Type
                  1    wreg      void 
 Registers used:
		None
 Tracked objects:
		On entry : 
		On exit  : 
		Unchanged: 
 Data sizes:     COMRAM   BANK0   BANK1   BANK2   BANK3   BANK4   BANK5   BANK6   BANK7   BANK8   BANK9  BANK10  BANK11  BANK12  BANK13  BANK14
      Params:         0       0       0       0       0       0       0       0       0       0       0       0       0       0       0       0
      Locals:         0       0       0       0       0       0       0       0       0       0       0       0       0       0       0       0
      Temps:          0       0       0       0       0       0       0       0       0       0       0       0       0       0       0       0
      Totals:         0       0       0       0       0       0       0       0       0       0       0       0       0       0       0       0
Total ram usage:        0 bytes
 Hardware stack levels used:    1
 Hardware stack levels required when called:    4
 This function calls:
		Nothing
 This function is called by:
		_TMR1_Initialize
 This function uses a non-reentrant model


 *************** function _PIN_MANAGER_Initialize *****************
 Defined at:
		line 52 in file "mcc_generated_files/pin_manager.c"
 Parameters:    Size  Location     Type
		None
 Auto vars:     Size  Location     Type
		None
 Return value:  Size  Location     Type
                  1    wreg      void 
 Registers used:
		wreg, status,2
 Tracked objects:
		On entry : 
		On exit  : 
		Unchanged: 
 Data sizes:     COMRAM   BANK0   BANK1   BANK2   BANK3   BANK4   BANK5   BANK6   BANK7   BANK8   BANK9  BANK10  BANK11  BANK12  BANK13  BANK14
      Params:         0       0       0       0       0       0       0       0       0       0       0       0       0       0       0       0
      Locals:         0       0       0       0       0       0       0       0       0       0       0       0       0       0       0       0
      Temps:          0       0       0       0       0       0       0       0       0       0       0       0       0       0       0       0
      Totals:         0       0       0       0       0       0       0       0       0       0       0       0       0       0       0       0
Total ram usage:        0 bytes
 Hardware stack levels used:    1
 Hardware stack levels required when called:    4
 This function calls:
		Nothing
 This function is called by:
		_SYSTEM_Initialize
 This function uses a non-reentrant model


 *************** function _OSCILLATOR_Initialize *****************
 Defined at:
		line 123 in file "mcc_generated_files/mcc.c"
 Parameters:    Size  Location     Type
		None
 Auto vars:     Size  Location     Type
		None
 Return value:  Size  Location     Type
                  1    wreg      void 
 Registers used:
		wreg, status,2
 Tracked objects:
		On entry : 
		On exit  : 
		Unchanged: 
 Data sizes:     COMRAM   BANK0   BANK1   BANK2   BANK3   BANK4   BANK5   BANK6   BANK7   BANK8   BANK9  BANK10  BANK11  BANK12  BANK13  BANK14
      Params:         0       0       0       0       0       0       0       0       0       0       0       0       0       0       0       0
      Locals:         0       0       0       0       0       0       0       0       0       0       0       0       0       0       0       0
      Temps:          0       0       0       0       0       0       0       0       0       0       0       0       0       0       0       0
      Totals:         0       0       0       0       0       0       0       0       0       0       0       0       0       0       0       0
Total ram usage:        0 bytes
 Hardware stack levels used:    1
 Hardware stack levels required when called:    4
 This function calls:
		Nothing
 This function is called by:
		_SYSTEM_Initialize
 This function uses a non-reentrant model


 *************** function _INTERRUPT_Initialize *****************
 Defined at:
		line 51 in file "mcc_generated_files/interrupt_manager.c"
 Parameters:    Size  Location     Type
		None
 Auto vars:     Size  Location     Type
		None
 Return value:  Size  Location     Type
                  1    wreg      void 
 Registers used:
		None
 Tracked objects:
		On entry : 
		On exit  : 
		Unchanged: 
 Data sizes:     COMRAM   BANK0   BANK1   BANK2   BANK3   BANK4   BANK5   BANK6   BANK7   BANK8   BANK9  BANK10  BANK11  BANK12  BANK13  BANK14
      Params:         0       0       0       0       0       0       0       0       0       0       0       0       0       0       0       0
      Locals:         0       0       0       0       0       0       0       0       0       0       0       0       0       0       0       0
      Temps:          0       0       0       0       0       0       0       0       0       0       0       0       0       0       0       0
      Totals:         0       0       0       0       0       0       0       0       0       0       0       0       0       0       0       0
Total ram usage:        0 bytes
 Hardware stack levels used:    1
 Hardware stack levels required when called:    4
 This function calls:
		Nothing
 This function is called by:
		_SYSTEM_Initialize
 This function uses a non-reentrant model


 *************** function _I2C_Initialize *****************
 Defined at:
		line 198 in file "mcc_generated_files/i2c.c"
 Parameters:    Size  Location     Type
		None
 Auto vars:     Size  Location     Type
		None
 Return value:  Size  Location     Type
                  1    wreg      void 
 Registers used:
		wreg, status,2, status,0
 Tracked objects:
		On entry : 
		On exit  : 
		Unchanged: 
 Data sizes:     COMRAM   BANK0   BANK1   BANK2   BANK3   BANK4   BANK5   BANK6   BANK7   BANK8   BANK9  BANK10  BANK11  BANK12  BANK13  BANK14
      Params:         0       0       0       0       0       0       0       0       0       0       0       0       0       0       0       0
      Locals:         0       0       0       0       0       0       0       0       0       0       0       0       0       0       0       0
      Temps:          0       0       0       0       0       0       0       0       0       0       0       0       0       0       0       0
      Totals:         0       0       0       0       0       0       0       0       0       0       0       0       0       0       0       0
Total ram usage:        0 bytes
 Hardware stack levels used:    1
 Hardware stack levels required when called:    4
 This function calls:
		Nothing
 This function is called by:
		_SYSTEM_Initialize
 This function uses a non-reentrant model


 *************** function _ECAN_Initialize *****************
 Defined at:
		line 63 in file "mcc_generated_files/ecan.c"
 Parameters:    Size  Location     Type
		None
 Auto vars:     Size  Location     Type
		None
 Return value:  Size  Location     Type
                  1    wreg      void 
 Registers used:
		wreg, status,2, status,0
 Tracked objects:
		On entry : 
		On exit  : 
		Unchanged: 
 Data sizes:     COMRAM   BANK0   BANK1   BANK2   BANK3   BANK4   BANK5   BANK6   BANK7   BANK8   BANK9  BANK10  BANK11  BANK12  BANK13  BANK14
      Params:         0       0       0       0       0       0       0       0       0       0       0       0       0       0       0       0
      Locals:         0       0       0       0       0       0       0       0       0       0       0       0       0       0       0       0
      Temps:          1       0       0       0       0       0       0       0       0       0       0       0       0       0       0       0
      Totals:         1       0       0       0       0       0       0       0       0       0       0       0       0       0       0       0
Total ram usage:        1 bytes
 Hardware stack levels used:    1
 Hardware stack levels required when called:    4
 This function calls:
		Nothing
 This function is called by:
		_SYSTEM_Initialize
 This function uses a non-reentrant model


 *************** function _I2C_Master_Read *****************
 Defined at:
		line 227 in file "main.c"
 Parameters:    Size  Location     Type
  a               2    3[COMRAM] unsigned short 
  data            2    5[COMRAM] PTR unsigned char 
 Auto vars:     Size  Location     Type
  temp            2    0        unsigned short 
  i               1    9[COMRAM] unsigned char 
 Return value:  Size  Location     Type
                  1    wreg      void 
 Registers used:
		wreg, fsr2l, fsr2h, status,2, status,0, prodl, prodh, cstack
 Tracked objects:
		On entry : 
		On exit  : 
		Unchanged: 
 Data sizes:     COMRAM   BANK0   BANK1   BANK2   BANK3   BANK4   BANK5   BANK6   BANK7   BANK8   BANK9  BANK10  BANK11  BANK12  BANK13  BANK14
      Params:         4       0       0       0       0       0       0       0       0       0       0       0       0       0       0       0
      Locals:         1       0       0       0       0       0       0       0       0       0       0       0       0       0       0       0
      Temps:          2       0       0       0       0       0       0       0       0       0       0       0       0       0       0       0
      Totals:         7       0       0       0       0       0       0       0       0       0       0       0       0       0       0       0
Total ram usage:        7 bytes
 Hardware stack levels used:    1
 Hardware stack levels required when called:    5
 This function calls:
		_I2C_Master_Wait
 This function is called by:
		_main
 This function uses a non-reentrant model


 *************** function _CAN_transmit *****************
 Defined at:
		line 167 in file "mcc_generated_files/ecan.c"
 Parameters:    Size  Location     Type
  tempCanMsg      2   20[COMRAM] PTR struct .
		 -> main@BNO055_gyro_data(14), main@BNO055_accel_data(14), 
 Auto vars:     Size  Location     Type
  tempSIDL        1   26[COMRAM] unsigned char 
  tempSIDH        1   25[COMRAM] unsigned char 
  tempEIDL        1   24[COMRAM] unsigned char 
  tempEIDH        1   23[COMRAM] unsigned char 
  returnValue     1   22[COMRAM] unsigned char 
 Return value:  Size  Location     Type
                  1    wreg      unsigned char 
 Registers used:
		wreg, fsr2l, fsr2h, status,2, status,0, cstack
 Tracked objects:
		On entry : 
		On exit  : 
		Unchanged: 
 Data sizes:     COMRAM   BANK0   BANK1   BANK2   BANK3   BANK4   BANK5   BANK6   BANK7   BANK8   BANK9  BANK10  BANK11  BANK12  BANK13  BANK14
      Params:         2       0       0       0       0       0       0       0       0       0       0       0       0       0       0       0
      Locals:         5       0       0       0       0       0       0       0       0       0       0       0       0       0       0       0
      Temps:          0       0       0       0       0       0       0       0       0       0       0       0       0       0       0       0
      Totals:         7       0       0       0       0       0       0       0       0       0       0       0       0       0       0       0
Total ram usage:        7 bytes
 Hardware stack levels used:    1
 Hardware stack levels required when called:    5
 This function calls:
		_convertCANid2Reg
 This function is called by:
		_main
 This function uses a non-reentrant model


 *************** function _convertCANid2Reg *****************
 Defined at:
		line 400 in file "mcc_generated_files/ecan.c"
 Parameters:    Size  Location     Type
  tempPassedIn    4    2[COMRAM] unsigned long 
  canIdType       1    6[COMRAM] unsigned char 
  passedInEIDH    2    7[COMRAM] PTR unsigned char 
		 -> CAN_transmit@tempEIDH(1), 
  passedInEIDL    2    9[COMRAM] PTR unsigned char 
		 -> CAN_transmit@tempEIDL(1), 
  passedInSIDH    2   11[COMRAM] PTR unsigned char 
		 -> CAN_transmit@tempSIDH(1), 
  passedInSIDL    2   13[COMRAM] PTR unsigned char 
		 -> CAN_transmit@tempSIDL(1), 
 Auto vars:     Size  Location     Type
  wipSIDL         1   19[COMRAM] unsigned char 
 Return value:  Size  Location     Type
                  1    wreg      void 
 Registers used:
		wreg, fsr2l, fsr2h, status,2, status,0
 Tracked objects:
		On entry : 
		On exit  : 
		Unchanged: 
 Data sizes:     COMRAM   BANK0   BANK1   BANK2   BANK3   BANK4   BANK5   BANK6   BANK7   BANK8   BANK9  BANK10  BANK11  BANK12  BANK13  BANK14
      Params:        13       0       0       0       0       0       0       0       0       0       0       0       0       0       0       0
      Locals:         1       0       0       0       0       0       0       0       0       0       0       0       0       0       0       0
      Temps:          4       0       0       0       0       0       0       0       0       0       0       0       0       0       0       0
      Totals:        18       0       0       0       0       0       0       0       0       0       0       0       0       0       0       0
Total ram usage:       18 bytes
 Hardware stack levels used:    1
 Hardware stack levels required when called:    4
 This function calls:
		Nothing
 This function is called by:
		_CAN_transmit
 This function uses a non-reentrant model


 *************** function _BNO055Initialize *****************
 Defined at:
		line 243 in file "main.c"
 Parameters:    Size  Location     Type
		None
 Auto vars:     Size  Location     Type
		None
 Return value:  Size  Location     Type
                  1    wreg      void 
 Registers used:
		wreg, status,2, status,0, cstack
 Tracked objects:
		On entry : 
		On exit  : 
		Unchanged: 
 Data sizes:     COMRAM   BANK0   BANK1   BANK2   BANK3   BANK4   BANK5   BANK6   BANK7   BANK8   BANK9  BANK10  BANK11  BANK12  BANK13  BANK14
      Params:         0       0       0       0       0       0       0       0       0       0       0       0       0       0       0       0
      Locals:         0       0       0       0       0       0       0       0       0       0       0       0       0       0       0       0
      Temps:          1       0       0       0       0       0       0       0       0       0       0       0       0       0       0       0
      Totals:         1       0       0       0       0       0       0       0       0       0       0       0       0       0       0       0
Total ram usage:        1 bytes
 Hardware stack levels used:    1
 Hardware stack levels required when called:    6
 This function calls:
		_I2C_Master_Start
		_I2C_Master_Stop
		_I2C_Master_Write
 This function is called by:
		_main
 This function uses a non-reentrant model


 *************** function _I2C_Master_Write *****************
 Defined at:
		line 221 in file "main.c"
 Parameters:    Size  Location     Type
  d               1    wreg     unsigned char 
 Auto vars:     Size  Location     Type
  d               1    3[COMRAM] unsigned char 
 Return value:  Size  Location     Type
                  1    wreg      void 
 Registers used:
		wreg, status,2, status,0, cstack
 Tracked objects:
		On entry : 
		On exit  : 
		Unchanged: 
 Data sizes:     COMRAM   BANK0   BANK1   BANK2   BANK3   BANK4   BANK5   BANK6   BANK7   BANK8   BANK9  BANK10  BANK11  BANK12  BANK13  BANK14
      Params:         0       0       0       0       0       0       0       0       0       0       0       0       0       0       0       0
      Locals:         1       0       0       0       0       0       0       0       0       0       0       0       0       0       0       0
      Temps:          0       0       0       0       0       0       0       0       0       0       0       0       0       0       0       0
      Totals:         1       0       0       0       0       0       0       0       0       0       0       0       0       0       0       0
Total ram usage:        1 bytes
 Hardware stack levels used:    1
 Hardware stack levels required when called:    5
 This function calls:
		_I2C_Master_Wait
 This function is called by:
		_main
		_BNO055Initialize
 This function uses a non-reentrant model


 *************** function _I2C_Master_Stop *****************
 Defined at:
		line 215 in file "main.c"
 Parameters:    Size  Location     Type
		None
 Auto vars:     Size  Location     Type
		None
 Return value:  Size  Location     Type
                  1    wreg      void 
 Registers used:
		wreg, status,2, status,0, cstack
 Tracked objects:
		On entry : 
		On exit  : 
		Unchanged: 
 Data sizes:     COMRAM   BANK0   BANK1   BANK2   BANK3   BANK4   BANK5   BANK6   BANK7   BANK8   BANK9  BANK10  BANK11  BANK12  BANK13  BANK14
      Params:         0       0       0       0       0       0       0       0       0       0       0       0       0       0       0       0
      Locals:         0       0       0       0       0       0       0       0       0       0       0       0       0       0       0       0
      Temps:          0       0       0       0       0       0       0       0       0       0       0       0       0       0       0       0
      Totals:         0       0       0       0       0       0       0       0       0       0       0       0       0       0       0       0
Total ram usage:        0 bytes
 Hardware stack levels used:    1
 Hardware stack levels required when called:    5
 This function calls:
		_I2C_Master_Wait
 This function is called by:
		_main
		_BNO055Initialize
 This function uses a non-reentrant model


 *************** function _I2C_Master_Start *****************
 Defined at:
		line 203 in file "main.c"
 Parameters:    Size  Location     Type
		None
 Auto vars:     Size  Location     Type
		None
 Return value:  Size  Location     Type
                  1    wreg      void 
 Registers used:
		wreg, status,2, status,0, cstack
 Tracked objects:
		On entry : 
		On exit  : 
		Unchanged: 
 Data sizes:     COMRAM   BANK0   BANK1   BANK2   BANK3   BANK4   BANK5   BANK6   BANK7   BANK8   BANK9  BANK10  BANK11  BANK12  BANK13  BANK14
      Params:         0       0       0       0       0       0       0       0       0       0       0       0       0       0       0       0
      Locals:         0       0       0       0       0       0       0       0       0       0       0       0       0       0       0       0
      Temps:          0       0       0       0       0       0       0       0       0       0       0       0       0       0       0       0
      Totals:         0       0       0       0       0       0       0       0       0       0       0       0       0       0       0       0
Total ram usage:        0 bytes
 Hardware stack levels used:    1
 Hardware stack levels required when called:    5
 This function calls:
		_I2C_Master_Wait
 This function is called by:
		_main
		_BNO055Initialize
 This function uses a non-reentrant model


 *************** function _I2C_Master_Wait *****************
 Defined at:
		line 198 in file "main.c"
 Parameters:    Size  Location     Type
		None
 Auto vars:     Size  Location     Type
		None
 Return value:  Size  Location     Type
                  1    wreg      void 
 Registers used:
		wreg, status,2, status,0
 Tracked objects:
		On entry : 
		On exit  : 
		Unchanged: 
 Data sizes:     COMRAM   BANK0   BANK1   BANK2   BANK3   BANK4   BANK5   BANK6   BANK7   BANK8   BANK9  BANK10  BANK11  BANK12  BANK13  BANK14
      Params:         0       0       0       0       0       0       0       0       0       0       0       0       0       0       0       0
      Locals:         0       0       0       0       0       0       0       0       0       0       0       0       0       0       0       0
      Temps:          1       0       0       0       0       0       0       0       0       0       0       0       0       0       0       0
      Totals:         1       0       0       0       0       0       0       0       0       0       0       0       0       0       0       0
Total ram usage:        1 bytes
 Hardware stack levels used:    1
 Hardware stack levels required when called:    4
 This function calls:
		Nothing
 This function is called by:
		_I2C_Master_Start
		_I2C_Master_Stop
		_I2C_Master_Write
		_I2C_Master_Read
		_I2C_Master_RepeatedStart
 This function uses a non-reentrant model


 *************** function _INTERRUPT_InterruptManager *****************
 Defined at:
		line 57 in file "mcc_generated_files/interrupt_manager.c"
 Parameters:    Size  Location     Type
		None
 Auto vars:     Size  Location     Type
		None
 Return value:  Size  Location     Type
                  1    wreg      void 
 Registers used:
		wreg, status,2, status,0, pclath, tosl, cstack
 Tracked objects:
		On entry : 
		On exit  : 
		Unchanged: 
 Data sizes:     COMRAM   BANK0   BANK1   BANK2   BANK3   BANK4   BANK5   BANK6   BANK7   BANK8   BANK9  BANK10  BANK11  BANK12  BANK13  BANK14
      Params:         0       0       0       0       0       0       0       0       0       0       0       0       0       0       0       0
      Locals:         0       0       0       0       0       0       0       0       0       0       0       0       0       0       0       0
      Temps:          2       0       0       0       0       0       0       0       0       0       0       0       0       0       0       0
      Totals:         2       0       0       0       0       0       0       0       0       0       0       0       0       0       0       0
Total ram usage:        2 bytes
 Hardware stack levels used:    1
 Hardware stack levels required when called:    3
 This function calls:
		_TMR2_ISR
 This function is called by:
		Interrupt level 2
 This function uses a non-reentrant model


 *************** function _TMR2_ISR *****************
 Defined at:
		line 123 in file "mcc_generated_files/tmr2.c"
 Parameters:    Size  Location     Type
		None
 Auto vars:     Size  Location     Type
		None
 Return value:  Size  Location     Type
                  1    wreg      void 
 Registers used:
		wreg, status,2, status,0, pclath, tosl, cstack
 Tracked objects:
		On entry : 
		On exit  : 
		Unchanged: 
 Data sizes:     COMRAM   BANK0   BANK1   BANK2   BANK3   BANK4   BANK5   BANK6   BANK7   BANK8   BANK9  BANK10  BANK11  BANK12  BANK13  BANK14
      Params:         0       0       0       0       0       0       0       0       0       0       0       0       0       0       0       0
      Locals:         0       0       0       0       0       0       0       0       0       0       0       0       0       0       0       0
      Temps:          0       0       0       0       0       0       0       0       0       0       0       0       0       0       0       0
      Totals:         0       0       0       0       0       0       0       0       0       0       0       0       0       0       0       0
Total ram usage:        0 bytes
 Hardware stack levels used:    1
 Hardware stack levels required when called:    2
 This function calls:
		_TMR2_CallBack
 This function is called by:
		_INTERRUPT_InterruptManager
 This function uses a non-reentrant model


 *************** function _TMR2_CallBack *****************
 Defined at:
		line 134 in file "mcc_generated_files/tmr2.c"
 Parameters:    Size  Location     Type
		None
 Auto vars:     Size  Location     Type
		None
 Return value:  Size  Location     Type
                  1    wreg      void 
 Registers used:
		wreg, status,2, status,0, pclath, tosl, cstack
 Tracked objects:
		On entry : 
		On exit  : 
		Unchanged: 
 Data sizes:     COMRAM   BANK0   BANK1   BANK2   BANK3   BANK4   BANK5   BANK6   BANK7   BANK8   BANK9  BANK10  BANK11  BANK12  BANK13  BANK14
      Params:         0       0       0       0       0       0       0       0       0       0       0       0       0       0       0       0
      Locals:         0       0       0       0       0       0       0       0       0       0       0       0       0       0       0       0
      Temps:          0       0       0       0       0       0       0       0       0       0       0       0       0       0       0       0
      Totals:         0       0       0       0       0       0       0       0       0       0       0       0       0       0       0       0
Total ram usage:        0 bytes
 Hardware stack levels used:    1
 Hardware stack levels required when called:    1
 This function calls:
		Absolute function
		_TMR2_DefaultInterruptHandler
 This function is called by:
		_TMR2_ISR
 This function uses a non-reentrant model


 *************** function _TMR2_DefaultInterruptHandler *****************
 Defined at:
		line 148 in file "mcc_generated_files/tmr2.c"
 Parameters:    Size  Location     Type
		None
 Auto vars:     Size  Location     Type
		None
 Return value:  Size  Location     Type
                  1    wreg      void 
 Registers used:
		wreg, status,2
 Tracked objects:
		On entry : 
		On exit  : 
		Unchanged: 
 Data sizes:     COMRAM   BANK0   BANK1   BANK2   BANK3   BANK4   BANK5   BANK6   BANK7   BANK8   BANK9  BANK10  BANK11  BANK12  BANK13  BANK14
      Params:         0       0       0       0       0       0       0       0       0       0       0       0       0       0       0       0
      Locals:         0       0       0       0       0       0       0       0       0       0       0       0       0       0       0       0
      Temps:          0       0       0       0       0       0       0       0       0       0       0       0       0       0       0       0
      Totals:         0       0       0       0       0       0       0       0       0       0       0       0       0       0       0       0
Total ram usage:        0 bytes
 Hardware stack levels used:    1
 This function calls:
		Nothing
 This function is called by:
		_TMR2_Initialize
		_TMR2_CallBack
 This function uses a non-reentrant model



MODULE INFORMATION

Module		Function		Class		Link	Load	Size
mcc_generated_files/tmr2.c
		_TMR2_ISR      		CODE           	0AF4	0000	9
		_TMR2_Initialize		CODE           	0A74	0000	35
		_TMR2_SetInterruptHandler		CODE           	0AD2	0000	11
		_TMR2_DefaultInterruptHandler		CODE           	0AFC	0000	9
		_TMR2_CallBack 		CODE           	096E	0000	51
		_TMR2_StartTimer		CODE           	0B0A	0000	5
		_TMR2_GetTransmit		CODE           	0ADC	0000	9
		_TMR2_ClearTransmit		CODE           	0B04	0000	7

mcc_generated_files/tmr2.c estimated size: 136

mcc_generated_files/interrupt_manager.c
		_INTERRUPT_Initialize		CODE           	0B12	0000	5
		_INTERRUPT_InterruptManager		CODE           	0008	0000	77

mcc_generated_files/interrupt_manager.c estimated size: 82

mcc_generated_files/i2c.c
		_I2C_Initialize		CODE           	09CE	0000	47

mcc_generated_files/i2c.c estimated size: 47

mcc_generated_files/pin_manager.c
		_PIN_MANAGER_Initialize		CODE           	0A50	0000	37

mcc_generated_files/pin_manager.c estimated size: 37

mcc_generated_files/ecan.c
		_ECAN_Initialize		CODE           	0756	0000	215
		_CAN_transmit  		CODE           	0058	0000	823
		_convertCANid2Reg		CODE           	05A4	0000	435

mcc_generated_files/ecan.c estimated size: 1473

shared
		__initialization		CODE           	0A2A	0000	25

shared estimated size: 25

mcc_generated_files/mcc.c
		_OSCILLATOR_Initialize		CODE           	0AB4	0000	19
		_SYSTEM_Initialize		CODE           	0A96	0000	31

mcc_generated_files/mcc.c estimated size: 50

mcc_generated_files/tmr1.c
		_TMR1_Initialize		CODE           	09A0	0000	47
		_TMR1_StartTimer		CODE           	0B0E	0000	5

mcc_generated_files/tmr1.c estimated size: 52

main.c
		_I2C_Master_Read		CODE           	08FA	0000	117
		_I2C_Master_Wait		CODE           	09FC	0000	47
		_I2C_Master_Stop		CODE           	0AE4	0000	9
		_main          		CODE           	038E	0000	535
		_BNO055Initialize		CODE           	082C	0000	207
		_I2C_Master_Write		CODE           	0AC6	0000	13
		_I2C_Master_Start		CODE           	0AEC	0000	9

main.c estimated size: 937

